Component: ARM Compiler 5.06 update 1 (build 61) Tool: armlink [4d35a8]

==============================================================================

Section Cross References

    main.o(i.Init_USART1) refers to usart_stm32f2xx.o(.constdata) for Driver_USART1
    main.o(i.Init_USART1) refers to main.o(i.USART1_Callback) for USART1_Callback
    main.o(i.Init_USART1) refers to main.o(.data) for rx_char
    main.o(i.USART1_Callback) refers to rt_cmsis.o(i.osMailPut) for osMailPut
    main.o(i.USART1_Callback) refers to usart_stm32f2xx.o(.constdata) for Driver_USART1
    main.o(i.USART1_Callback) refers to main.o(.data) for rx_char
    main.o(i.app_main) refers to rt_cmsis.o(i.osMailAlloc) for osMailAlloc
    main.o(i.app_main) refers to rt_cmsis.o(i.osMailGet) for osMailGet
    main.o(i.app_main) refers to strlen.o(.text) for strlen
    main.o(i.app_main) refers to strncmp.o(.text) for strncmp
    main.o(i.app_main) refers to strcmpv7m.o(.text) for strcmp
    main.o(i.app_main) refers to led_mcbstm32f200.o(i.LED_On) for LED_On
    main.o(i.app_main) refers to led_mcbstm32f200.o(i.LED_Off) for LED_Off
    main.o(i.app_main) refers to rt_cmsis.o(i.osMailFree) for osMailFree
    main.o(i.app_main) refers to main.o(.data) for ID_Mailbox_nom_touche
    main.o(i.app_main) refers to usart_stm32f2xx.o(.constdata) for Driver_USART1
    main.o(i.main) refers to led_mcbstm32f200.o(i.LED_Initialize) for LED_Initialize
    main.o(i.main) refers to main.o(i.Init_USART1) for Init_USART1
    main.o(i.main) refers to rt_cmsis.o(i.osKernelInitialize) for osKernelInitialize
    main.o(i.main) refers to rt_cmsis.o(i.osMailCreate) for osMailCreate
    main.o(i.main) refers to rt_cmsis.o(i.osThreadCreate) for osThreadCreate
    main.o(i.main) refers to rt_cmsis.o(i.osKernelStart) for osKernelStart
    main.o(i.main) refers to main.o(.constdata) for os_mailQ_def_Mailbox_nom_touche
    main.o(i.main) refers to main.o(.data) for ID_Mailbox_nom_touche
    main.o(.constdata) refers to main.o(i.app_main) for app_main
    main.o(.constdata) refers to main.o(.data) for os_semaphore_cb_rx_semaphore
    main.o(.data) refers to main.o(.bss) for os_mailQ_q_Mailbox_nom_touche
    led_mcbstm32f200.o(i.LED_Initialize) refers to stm32f2xx_hal_gpio.o(i.HAL_GPIO_Init) for HAL_GPIO_Init
    led_mcbstm32f200.o(i.LED_Off) refers to stm32f2xx_hal_gpio.o(i.HAL_GPIO_WritePin) for HAL_GPIO_WritePin
    led_mcbstm32f200.o(i.LED_Off) refers to led_mcbstm32f200.o(.constdata) for LED_PIN
    led_mcbstm32f200.o(i.LED_On) refers to stm32f2xx_hal_gpio.o(i.HAL_GPIO_WritePin) for HAL_GPIO_WritePin
    led_mcbstm32f200.o(i.LED_On) refers to led_mcbstm32f200.o(.constdata) for LED_PIN
    led_mcbstm32f200.o(i.LED_SetOut) refers to led_mcbstm32f200.o(i.LED_On) for LED_On
    led_mcbstm32f200.o(i.LED_SetOut) refers to led_mcbstm32f200.o(i.LED_Off) for LED_Off
    led_mcbstm32f200.o(i.LED_Uninitialize) refers to stm32f2xx_hal_gpio.o(i.HAL_GPIO_DeInit) for HAL_GPIO_DeInit
    rtx_conf_cm.o(.emb_text) refers to rt_cmsis.o(i.osKernelInitialize) for osKernelInitialize
    rtx_conf_cm.o(.emb_text) refers to rt_cmsis.o(i.osThreadCreate) for osThreadCreate
    rtx_conf_cm.o(.emb_text) refers to rt_cmsis.o(i.osKernelStart) for osKernelStart
    rtx_conf_cm.o(.emb_text) refers to exit.o(.text) for exit
    rtx_conf_cm.o(.emb_text) refers to rtx_conf_cm.o(.constdata) for os_thread_def_main
    rtx_conf_cm.o(i.__user_perthread_libspace) refers to rt_task.o(i.rt_tsk_self) for rt_tsk_self
    rtx_conf_cm.o(i.__user_perthread_libspace) refers to rt_cmsis.o(.data) for os_running
    rtx_conf_cm.o(i.__user_perthread_libspace) refers to rtx_conf_cm.o(.bss) for .bss
    rtx_conf_cm.o(i.__user_perthread_libspace) refers to libspace.o(.bss) for __libspace_start
    rtx_conf_cm.o(i._mutex_acquire) refers to rt_cmsis.o(.data) for os_running
    rtx_conf_cm.o(i._mutex_acquire) refers to rt_mutex.o(i.rt_mut_wait) for rt_mut_wait
    rtx_conf_cm.o(i._mutex_initialize) refers to rt_mutex.o(i.rt_mut_init) for rt_mut_init
    rtx_conf_cm.o(i._mutex_initialize) refers to rtx_conf_cm.o(.data) for .data
    rtx_conf_cm.o(i._mutex_initialize) refers to rtx_conf_cm.o(.bss) for .bss
    rtx_conf_cm.o(i._mutex_release) refers to rt_cmsis.o(.data) for os_running
    rtx_conf_cm.o(i._mutex_release) refers to rt_mutex.o(i.rt_mut_release) for rt_mut_release
    rtx_conf_cm.o(.constdata) refers to rt_cmsis.o(i.osTimerThread) for osTimerThread
    rtx_conf_cm.o(.constdata) refers to rtx_conf_cm.o(.bss) for os_messageQ_q_osTimerMessageQ
    rtx_conf_cm.o(.constdata) refers to main.o(i.main) for main
    usart_stm32f2xx.o(i.USART1_Control) refers to usart_stm32f2xx.o(i.USART_Control) for USART_Control
    usart_stm32f2xx.o(i.USART1_Control) refers to usart_stm32f2xx.o(.constdata) for USART1_Resources
    usart_stm32f2xx.o(i.USART1_GetCapabilities) refers to usart_stm32f2xx.o(i.USART_GetCapabilities) for USART_GetCapabilities
[...]
    .ARM.Collect$$libinit$$00000013          0x080001fa   Section        0  libinit2.o(.ARM.Collect$$libinit$$00000013)
    .ARM.Collect$$libinit$$00000015          0x080001fa   Section        0  libinit2.o(.ARM.Collect$$libinit$$00000015)
    .ARM.Collect$$libinit$$00000017          0x080001fa   Section        0  libinit2.o(.ARM.Collect$$libinit$$00000017)
    .ARM.Collect$$libinit$$00000019          0x080001fa   Section        0  libinit2.o(.ARM.Collect$$libinit$$00000019)
    .ARM.Collect$$libinit$$0000001B          0x080001fa   Section        0  libinit2.o(.ARM.Collect$$libinit$$0000001B)
    .ARM.Collect$$libinit$$0000001D          0x080001fa   Section        0  libinit2.o(.ARM.Collect$$libinit$$0000001D)
    .ARM.Collect$$libinit$$0000001F          0x080001fa   Section        0  libinit2.o(.ARM.Collect$$libinit$$0000001F)
    .ARM.Collect$$libinit$$00000021          0x080001fa   Section        0  libinit2.o(.ARM.Collect$$libinit$$00000021)
    .ARM.Collect$$libinit$$00000023          0x080001fa   Section        0  libinit2.o(.ARM.Collect$$libinit$$00000023)
    .ARM.Collect$$libinit$$00000025          0x080001fa   Section        0  libinit2.o(.ARM.Collect$$libinit$$00000025)
    .ARM.Collect$$libinit$$0000002C          0x080001fa   Section        0  libinit2.o(.ARM.Collect$$libinit$$0000002C)
    .ARM.Collect$$libinit$$0000002E          0x080001fa   Section        0  libinit2.o(.ARM.Collect$$libinit$$0000002E)
    .ARM.Collect$$libinit$$00000030          0x080001fa   Section        0  libinit2.o(.ARM.Collect$$libinit$$00000030)
    .ARM.Collect$$libinit$$00000032          0x080001fa   Section        0  libinit2.o(.ARM.Collect$$libinit$$00000032)
    .ARM.Collect$$libinit$$00000033          0x080001fa   Section        2  libinit2.o(.ARM.Collect$$libinit$$00000033)
    .ARM.Collect$$libshutdown$$00000000      0x080001fc   Section        2  libshutdown.o(.ARM.Collect$$libshutdown$$00000000)
    .ARM.Collect$$libshutdown$$00000002      0x080001fe   Section        0  libshutdown2.o(.ARM.Collect$$libshutdown$$00000002)
    .ARM.Collect$$libshutdown$$00000004      0x080001fe   Section        0  libshutdown2.o(.ARM.Collect$$libshutdown$$00000004)
    .ARM.Collect$$libshutdown$$00000007      0x080001fe   Section        0  libshutdown2.o(.ARM.Collect$$libshutdown$$00000007)
    .ARM.Collect$$libshutdown$$0000000A      0x080001fe   Section        0  libshutdown2.o(.ARM.Collect$$libshutdown$$0000000A)
    .ARM.Collect$$libshutdown$$0000000C      0x080001fe   Section        0  libshutdown2.o(.ARM.Collect$$libshutdown$$0000000C)
    .ARM.Collect$$libshutdown$$0000000F      0x080001fe   Section        0  libshutdown2.o(.ARM.Collect$$libshutdown$$0000000F)
    .ARM.Collect$$libshutdown$$00000010      0x080001fe   Section        2  libshutdown2.o(.ARM.Collect$$libshutdown$$00000010)
    .ARM.Collect$$rtentry$$00000000          0x08000200   Section        0  __rtentry.o(.ARM.Collect$$rtentry$$00000000)
    .ARM.Collect$$rtentry$$00000002          0x08000200   Section        0  __rtentry2.o(.ARM.Collect$$rtentry$$00000002)
    .ARM.Collect$$rtentry$$00000004          0x08000200   Section        6  __rtentry4.o(.ARM.Collect$$rtentry$$00000004)
    .ARM.Collect$$rtentry$$00000009          0x08000206   Section        0  __rtentry2.o(.ARM.Collect$$rtentry$$00000009)
    .ARM.Collect$$rtentry$$0000000A          0x08000206   Section        4  __rtentry2.o(.ARM.Collect$$rtentry$$0000000A)
    .ARM.Collect$$rtentry$$0000000B          0x0800020a   Section        8  __rtentry2.o(.ARM.Collect$$rtentry$$0000000B)
    .ARM.Collect$$rtentry$$0000000D          0x08000212   Section        8  __rtentry2.o(.ARM.Collect$$rtentry$$0000000D)
    .ARM.Collect$$rtexit$$00000000           0x0800021a   Section        2  rtexit.o(.ARM.Collect$$rtexit$$00000000)
    .ARM.Collect$$rtexit$$00000002           0x0800021c   Section        0  rtexit2.o(.ARM.Collect$$rtexit$$00000002)
    .ARM.Collect$$rtexit$$00000003           0x0800021c   Section        4  rtexit2.o(.ARM.Collect$$rtexit$$00000003)
    .ARM.Collect$$rtexit$$00000004           0x08000220   Section        6  rtexit2.o(.ARM.Collect$$rtexit$$00000004)
    .emb_text                                0x08000228   Section       28  rtx_conf_cm.o(.emb_text)
    .emb_text                                0x08000244   Section      304  hal_cm3.o(.emb_text)
    .text                                    0x08000374   Section       64  startup_stm32f207xx.o(.text)
    .text                                    0x080003b4   Section        8  libspace.o(.text)
    .text                                    0x080003bc   Section        0  exit.o(.text)
    .text                                    0x080003ce   Section        0  strlen.o(.text)
    .text                                    0x0800040c   Section        0  strncmp.o(.text)
    .text                                    0x080004a2   Section       78  rt_memclr_w.o(.text)
    .text                                    0x080004f0   Section      128  strcmpv7m.o(.text)
    .text                                    0x08000570   Section        0  heapauxi.o(.text)
    .text                                    0x08000578   Section        0  sys_exit.o(.text)
    .text                                    0x08000584   Section       74  sys_stackheap_outer.o(.text)
    .text                                    0x080005ce   Section        2  use_no_semi.o(.text)
    .text                                    0x080005d0   Section        0  indicate_semi.o(.text)
    SVC_TABLE                                0x080005d0   Section        4  svc_table.o(SVC_TABLE)
    i.Enable_GPIO_Clock                      0x080005d4   Section        0  usart_stm32f2xx.o(i.Enable_GPIO_Clock)
    Enable_GPIO_Clock                        0x080005d5   Thumb Code   346  usart_stm32f2xx.o(i.Enable_GPIO_Clock)
    i.HAL_DMA_Abort                          0x08000758   Section        0  stm32f2xx_hal_dma.o(i.HAL_DMA_Abort)
    i.HAL_GPIO_DeInit                        0x08000804   Section        0  stm32f2xx_hal_gpio.o(i.HAL_GPIO_DeInit)
    i.HAL_GPIO_Init                          0x08000960   Section        0  stm32f2xx_hal_gpio.o(i.HAL_GPIO_Init)
    i.HAL_GPIO_ReadPin                       0x08000b5c   Section        0  stm32f2xx_hal_gpio.o(i.HAL_GPIO_ReadPin)
    i.HAL_GPIO_WritePin                      0x08000b6c   Section        0  stm32f2xx_hal_gpio.o(i.HAL_GPIO_WritePin)
    i.HAL_GetTick                            0x08000b78   Section        0  stm32f2xx_hal.o(i.HAL_GetTick)
    i.HAL_NVIC_DisableIRQ                    0x08000b84   Section        0  stm32f2xx_hal_cortex.o(i.HAL_NVIC_DisableIRQ)
    i.HAL_RCC_GetHCLKFreq                    0x08000bc8   Section        0  stm32f2xx_hal_rcc.o(i.HAL_RCC_GetHCLKFreq)
    i.HAL_RCC_GetPCLK2Freq                   0x08000bd4   Section        0  stm32f2xx_hal_rcc.o(i.HAL_RCC_GetPCLK2Freq)
    i.Init_USART1                            0x08000c00   Section        0  main.o(i.Init_USART1)
    i.LED_Initialize                         0x08000c4c   Section        0  led_mcbstm32f200.o(i.LED_Initialize)
    i.LED_Off                                0x08000d10   Section        0  led_mcbstm32f200.o(i.LED_Off)
    i.LED_On                                 0x08000d3c   Section        0  led_mcbstm32f200.o(i.LED_On)
    i.SystemInit                             0x08000d68   Section        0  system_stm32f2xx.o(i.SystemInit)
    i.USART1_Callback                        0x08000d6c   Section        0  main.o(i.USART1_Callback)
    i.USART1_Control                         0x08000de4   Section        0  usart_stm32f2xx.o(i.USART1_Control)
    USART1_Control                           0x08000de5   Thumb Code    18  usart_stm32f2xx.o(i.USART1_Control)
    i.USART1_GetCapabilities                 0x08000dfc   Section        0  usart_stm32f2xx.o(i.USART1_GetCapabilities)
    USART1_GetCapabilities                   0x08000dfd   Thumb Code    12  usart_stm32f2xx.o(i.USART1_GetCapabilities)
    i.USART1_GetModemStatus                  0x08000e0c   Section        0  usart_stm32f2xx.o(i.USART1_GetModemStatus)
    USART1_GetModemStatus                    0x08000e0d   Thumb Code    12  usart_stm32f2xx.o(i.USART1_GetModemStatus)
    i.USART1_GetRxCount                      0x08000e1c   Section        0  usart_stm32f2xx.o(i.USART1_GetRxCount)
    USART1_GetRxCount                        0x08000e1d   Thumb Code    10  usart_stm32f2xx.o(i.USART1_GetRxCount)
    i.USART1_GetStatus                       0x08000e2c   Section        0  usart_stm32f2xx.o(i.USART1_GetStatus)
    USART1_GetStatus                         0x08000e2d   Thumb Code    12  usart_stm32f2xx.o(i.USART1_GetStatus)
    i.USART1_GetTxCount                      0x08000e3c   Section        0  usart_stm32f2xx.o(i.USART1_GetTxCount)
    USART1_GetTxCount                        0x08000e3d   Thumb Code    10  usart_stm32f2xx.o(i.USART1_GetTxCount)
    i.USART1_IRQHandler                      0x08000e4c   Section        0  usart_stm32f2xx.o(i.USART1_IRQHandler)
    i.USART1_Initialize                      0x08000e5c   Section        0  usart_stm32f2xx.o(i.USART1_Initialize)
    USART1_Initialize                        0x08000e5d   Thumb Code    14  usart_stm32f2xx.o(i.USART1_Initialize)
    i.USART1_PowerControl                    0x08000e70   Section        0  usart_stm32f2xx.o(i.USART1_PowerControl)
    USART1_PowerControl                      0x08000e71   Thumb Code    14  usart_stm32f2xx.o(i.USART1_PowerControl)
    i.USART1_Receive                         0x08000e84   Section        0  usart_stm32f2xx.o(i.USART1_Receive)
    USART1_Receive                           0x08000e85   Thumb Code    18  usart_stm32f2xx.o(i.USART1_Receive)
    i.USART1_Send                            0x08000e9c   Section        0  usart_stm32f2xx.o(i.USART1_Send)
    USART1_Send                              0x08000e9d   Thumb Code    18  usart_stm32f2xx.o(i.USART1_Send)
    i.USART1_SetModemControl                 0x08000eb4   Section        0  usart_stm32f2xx.o(i.USART1_SetModemControl)
    USART1_SetModemControl                   0x08000eb5   Thumb Code    14  usart_stm32f2xx.o(i.USART1_SetModemControl)
    i.USART1_Transfer                        0x08000ec8   Section        0  usart_stm32f2xx.o(i.USART1_Transfer)
    USART1_Transfer                          0x08000ec9   Thumb Code    22  usart_stm32f2xx.o(i.USART1_Transfer)
    i.USART1_Uninitialize                    0x08000ee4   Section        0  usart_stm32f2xx.o(i.USART1_Uninitialize)
    USART1_Uninitialize                      0x08000ee5   Thumb Code    10  usart_stm32f2xx.o(i.USART1_Uninitialize)
    i.USART_Control                          0x08000ef4   Section        0  usart_stm32f2xx.o(i.USART_Control)
    USART_Control                            0x08000ef5   Thumb Code  2280  usart_stm32f2xx.o(i.USART_Control)
    i.USART_GetCapabilities                  0x080017dc   Section        0  usart_stm32f2xx.o(i.USART_GetCapabilities)
    USART_GetCapabilities                    0x080017dd   Thumb Code     6  usart_stm32f2xx.o(i.USART_GetCapabilities)
    i.USART_GetModemStatus                   0x080017e2   Section        0  usart_stm32f2xx.o(i.USART_GetModemStatus)
    USART_GetModemStatus                     0x080017e3   Thumb Code   140  usart_stm32f2xx.o(i.USART_GetModemStatus)
    i.USART_GetRxCount                       0x0800186e   Section        0  usart_stm32f2xx.o(i.USART_GetRxCount)
    USART_GetRxCount                         0x0800186f   Thumb Code     8  usart_stm32f2xx.o(i.USART_GetRxCount)
    i.USART_GetStatus                        0x08001876   Section        0  usart_stm32f2xx.o(i.USART_GetStatus)
    USART_GetStatus                          0x08001877   Thumb Code   212  usart_stm32f2xx.o(i.USART_GetStatus)
    i.USART_GetTxCount                       0x0800194a   Section        0  usart_stm32f2xx.o(i.USART_GetTxCount)
    USART_GetTxCount                         0x0800194b   Thumb Code     8  usart_stm32f2xx.o(i.USART_GetTxCount)
    i.USART_IRQHandler                       0x08001952   Section        0  usart_stm32f2xx.o(i.USART_IRQHandler)
    i.USART_Initialize                       0x08001bc4   Section        0  usart_stm32f2xx.o(i.USART_Initialize)
    USART_Initialize                         0x08001bc5   Thumb Code   146  usart_stm32f2xx.o(i.USART_Initialize)
    i.USART_PeripheralReset                  0x08001c58   Section        0  usart_stm32f2xx.o(i.USART_PeripheralReset)
    USART_PeripheralReset                    0x08001c59   Thumb Code   278  usart_stm32f2xx.o(i.USART_PeripheralReset)
    i.USART_PowerControl                     0x08001d8c   Section        0  usart_stm32f2xx.o(i.USART_PowerControl)
    USART_PowerControl                       0x08001d8d   Thumb Code   680  usart_stm32f2xx.o(i.USART_PowerControl)
    i.USART_Receive                          0x08002054   Section        0  usart_stm32f2xx.o(i.USART_Receive)
    USART_Receive                            0x08002055   Thumb Code   162  usart_stm32f2xx.o(i.USART_Receive)
    i.USART_Send                             0x080020f6   Section        0  usart_stm32f2xx.o(i.USART_Send)
    USART_Send                               0x080020f7   Thumb Code   136  usart_stm32f2xx.o(i.USART_Send)
    i.USART_SetModemControl                  0x0800217e   Section        0  usart_stm32f2xx.o(i.USART_SetModemControl)
    USART_SetModemControl                    0x0800217f   Thumb Code   140  usart_stm32f2xx.o(i.USART_SetModemControl)
    i.USART_Transfer                         0x0800220a   Section        0  usart_stm32f2xx.o(i.USART_Transfer)
    USART_Transfer                           0x0800220b   Thumb Code   106  usart_stm32f2xx.o(i.USART_Transfer)
    i.USART_Uninitialize                     0x08002274   Section        0  usart_stm32f2xx.o(i.USART_Uninitialize)
    USART_Uninitialize                       0x08002275   Thumb Code   106  usart_stm32f2xx.o(i.USART_Uninitialize)
    i.USARTx_GetVersion                      0x080022e0   Section        0  usart_stm32f2xx.o(i.USARTx_GetVersion)
    USARTx_GetVersion                        0x080022e1   Thumb Code    10  usart_stm32f2xx.o(i.USARTx_GetVersion)
    i._init_box                              0x080022f0   Section        0  rt_membox.o(i._init_box)
    i._mutex_acquire                         0x08002338   Section        0  rtx_conf_cm.o(i._mutex_acquire)
    __tagsym$$used                           0x08002339   Number         0  rtx_conf_cm.o(i._mutex_acquire)
    i._mutex_release                         0x08002358   Section        0  rtx_conf_cm.o(i._mutex_release)
    __tagsym$$used                           0x08002359   Number         0  rtx_conf_cm.o(i._mutex_release)
    i.app_main                               0x08002374   Section        0  main.o(i.app_main)
    i.dbg_init                               0x08002724   Section        0  hal_cm.o(i.dbg_init)
    i.dbg_task_notify                        0x08002754   Section        0  hal_cm.o(i.dbg_task_notify)
    i.dbg_task_switch                        0x08002774   Section        0  hal_cm.o(i.dbg_task_switch)
    i.isrMessageGet                          0x08002784   Section        0  rt_cmsis.o(i.isrMessageGet)
    i.isrMessagePut                          0x080027ae   Section        0  rt_cmsis.o(i.isrMessagePut)
    i.isr_mbx_receive                        0x080027dc   Section        0  rt_mailbox.o(i.isr_mbx_receive)
    i.isr_mbx_send                           0x08002832   Section        0  rt_mailbox.o(i.isr_mbx_send)
    i.main                                   0x08002840   Section        0  main.o(i.main)
    i.osKernelInitialize                     0x08002874   Section        0  rt_cmsis.o(i.osKernelInitialize)
    i.osKernelStart                          0x08002898   Section        0  rt_cmsis.o(i.osKernelStart)
    i.osMailAlloc                            0x08002904   Section        0  rt_cmsis.o(i.osMailAlloc)
    i.osMailCreate                           0x08002920   Section        0  rt_cmsis.o(i.osMailCreate)
    i.osMailFree                             0x0800294c   Section        0  rt_cmsis.o(i.osMailFree)
    i.osMailGet                              0x08002968   Section        0  rt_cmsis.o(i.osMailGet)
    i.osMailPut                              0x0800297e   Section        0  rt_cmsis.o(i.osMailPut)
    i.osMessageGet                           0x08002994   Section        0  rt_cmsis.o(i.osMessageGet)
    i.osMessagePut                           0x080029ac   Section        0  rt_cmsis.o(i.osMessagePut)
    i.osThreadCreate                         0x080029c4   Section        0  rt_cmsis.o(i.osThreadCreate)
    i.osThreadExit                           0x080029f0   Section        0  rt_cmsis.o(i.osThreadExit)
    i.osTimerCall                            0x08002a08   Section        0  rt_cmsis.o(i.osTimerCall)
    i.osTimerThread                          0x08002a14   Section        0  rt_cmsis.o(i.osTimerThread)
    i.os_error                               0x08002a40   Section        0  rtx_conf_cm.o(i.os_error)
    i.os_idle_demon                          0x08002a62   Section        0  rtx_conf_cm.o(i.os_idle_demon)
    i.os_tick_init                           0x08002a68   Section        0  rt_system.o(i.os_tick_init)
    i.os_tick_irqack                         0x08002a90   Section        0  rt_system.o(i.os_tick_irqack)
    i.rt_alloc_box                           0x08002a92   Section        0  rt_membox.o(i.rt_alloc_box)
    i.rt_alloc_mem                           0x08002aac   Section        0  rt_memory.o(i.rt_alloc_mem)
    i.rt_block                               0x08002aec   Section        0  rt_task.o(i.rt_block)
    i.rt_chk_robin                           0x08002b24   Section        0  rt_robin.o(i.rt_chk_robin)
    i.rt_dec_dly                             0x08002b6c   Section        0  rt_list.o(i.rt_dec_dly)
    i.rt_dispatch                            0x08002bdc   Section        0  rt_task.o(i.rt_dispatch)
    i.rt_evt_psh                             0x08002c20   Section        0  rt_event.o(i.rt_evt_psh)
    i.rt_free_box                            0x08002c70   Section        0  rt_membox.o(i.rt_free_box)
    i.rt_free_mem                            0x08002c9c   Section        0  rt_memory.o(i.rt_free_mem)
    i.rt_get_first                           0x08002cc4   Section        0  rt_list.o(i.rt_get_first)
    i.rt_id2obj                              0x08002cec   Section        0  rt_cmsis.o(i.rt_id2obj)
    rt_id2obj                                0x08002ced   Thumb Code     8  rt_cmsis.o(i.rt_id2obj)
    i.rt_init_context                        0x08002cf4   Section        0  rt_task.o(i.rt_init_context)
    rt_init_context                          0x08002cf5   Thumb Code    66  rt_task.o(i.rt_init_context)
    i.rt_init_mem                            0x08002d3c   Section        0  rt_memory.o(i.rt_init_mem)
    i.rt_init_robin                          0x08002d58   Section        0  rt_robin.o(i.rt_init_robin)
    i.rt_init_stack                          0x08002d70   Section        0  hal_cm.o(i.rt_init_stack)
    i.rt_mbx_check                           0x08002df0   Section        0  rt_mailbox.o(i.rt_mbx_check)
    i.rt_mbx_init                            0x08002df8   Section        0  rt_mailbox.o(i.rt_mbx_init)
    i.rt_mbx_psh                             0x08002e14   Section        0  rt_mailbox.o(i.rt_mbx_psh)
    i.rt_mbx_send                            0x08002f04   Section        0  rt_mailbox.o(i.rt_mbx_send)
    i.rt_mbx_wait                            0x08002f9c   Section        0  rt_mailbox.o(i.rt_mbx_wait)
    i.rt_ms2tick                             0x08003050   Section        0  rt_cmsis.o(i.rt_ms2tick)
    rt_ms2tick                               0x08003051   Thumb Code    58  rt_cmsis.o(i.rt_ms2tick)
    i.rt_mut_release                         0x08003094   Section        0  rt_mutex.o(i.rt_mut_release)
    i.rt_mut_wait                            0x0800316c   Section        0  rt_mutex.o(i.rt_mut_wait)
    i.rt_pop_req                             0x080031e4   Section        0  rt_system.o(i.rt_pop_req)
    i.rt_psh_req                             0x08003260   Section        0  rt_system.o(i.rt_psh_req)
    i.rt_psq_enq                             0x08003280   Section        0  rt_list.o(i.rt_psq_enq)
    i.rt_put_dly                             0x080032dc   Section        0  rt_list.o(i.rt_put_dly)
    i.rt_put_prio                            0x08003324   Section        0  rt_list.o(i.rt_put_prio)
    i.rt_put_rdy_first                       0x0800335c   Section        0  rt_list.o(i.rt_put_rdy_first)
    i.rt_resort_prio                         0x08003370   Section        0  rt_list.o(i.rt_resort_prio)
    i.rt_ret_val                             0x080033a4   Section        0  hal_cm.o(i.rt_ret_val)
    i.rt_ret_val2                            0x080033aa   Section        0  hal_cm.o(i.rt_ret_val2)
    i.rt_rmv_dly                             0x080033b2   Section        0  rt_list.o(i.rt_rmv_dly)
    i.rt_rmv_list                            0x080033dc   Section        0  rt_list.o(i.rt_rmv_list)
    i.rt_sem_psh                             0x0800340c   Section        0  rt_semaphore.o(i.rt_sem_psh)
    i.rt_stk_check                           0x08003440   Section        0  rt_system.o(i.rt_stk_check)
    i.rt_switch_req                          0x08003464   Section        0  rt_task.o(i.rt_switch_req)
    i.rt_sys_init                            0x0800348c   Section        0  rt_task.o(i.rt_sys_init)
    i.rt_sys_start                           0x08003558   Section        0  rt_task.o(i.rt_sys_start)
    i.rt_systick                             0x080035d0   Section        0  rt_system.o(i.rt_systick)
    i.rt_tid2ptcb                            0x08003610   Section        0  rt_cmsis.o(i.rt_tid2ptcb)
    rt_tid2ptcb                              0x08003611   Thumb Code    18  rt_cmsis.o(i.rt_tid2ptcb)
    i.rt_timer_insert                        0x08003624   Section        0  rt_cmsis.o(i.rt_timer_insert)
    rt_timer_insert                          0x08003625   Thumb Code    48  rt_cmsis.o(i.rt_timer_insert)
    i.rt_tsk_create                          0x08003658   Section        0  rt_task.o(i.rt_tsk_create)
    i.rt_tsk_delete                          0x080036e0   Section        0  rt_task.o(i.rt_tsk_delete)
    i.rt_tsk_prio                            0x0800385c   Section        0  rt_task.o(i.rt_tsk_prio)
    i.rt_tsk_self                            0x080038d8   Section        0  rt_task.o(i.rt_tsk_self)
    i.svcKernelInitialize                    0x080038e8   Section        0  rt_cmsis.o(i.svcKernelInitialize)
    i.svcKernelStart                         0x08003958   Section        0  rt_cmsis.o(i.svcKernelStart)
    i.svcMailCreate                          0x080039a0   Section        0  rt_cmsis.o(i.svcMailCreate)
    i.svcMessageCreate                       0x080039e2   Section        0  rt_cmsis.o(i.svcMessageCreate)
    i.svcMessageGet                          0x08003a06   Section        0  rt_cmsis.o(i.svcMessageGet)
    i.svcMessagePut                          0x08003a40   Section        0  rt_cmsis.o(i.svcMessagePut)
    i.svcThreadCreate                        0x08003a78   Section        0  rt_cmsis.o(i.svcThreadCreate)
    i.svcThreadGetId                         0x08003ae4   Section        0  rt_cmsis.o(i.svcThreadGetId)
    i.svcThreadTerminate                     0x08003b00   Section        0  rt_cmsis.o(i.svcThreadTerminate)
    i.svcTimerCall                           0x08003b38   Section        0  rt_cmsis.o(i.svcTimerCall)
    i.sysMailAlloc                           0x08003b50   Section        0  rt_cmsis.o(i.sysMailAlloc)
    i.sysMailFree                            0x08003ba8   Section        0  rt_cmsis.o(i.sysMailFree)
    i.sysTimerTick                           0x08003c08   Section        0  rt_cmsis.o(i.sysTimerTick)
    .constdata                               0x08003c64   Section       32  main.o(.constdata)
    .constdata                               0x08003c84   Section       64  led_mcbstm32f200.o(.constdata)
    LED_PIN                                  0x08003c84   Data          64  led_mcbstm32f200.o(.constdata)
    .constdata                               0x08003cc4   Section      104  rtx_conf_cm.o(.constdata)
    __tagsym$$used                           0x08003ce0   Number         0  rtx_conf_cm.o(.constdata)
    __tagsym$$used                           0x08003ce4   Number         0  rtx_conf_cm.o(.constdata)
    __tagsym$$used                           0x08003ce8   Number         0  rtx_conf_cm.o(.constdata)
    __tagsym$$used                           0x08003cec   Number         0  rtx_conf_cm.o(.constdata)
    .constdata                               0x08003d2c   Section      136  usart_stm32f2xx.o(.constdata)
    usart_driver_version                     0x08003d2c   Data           4  usart_stm32f2xx.o(.constdata)
    USART1_tx                                0x08003d30   Data          12  usart_stm32f2xx.o(.constdata)
    USART1_rx                                0x08003d3c   Data          12  usart_stm32f2xx.o(.constdata)
    USART1_Resources                         0x08003d48   Data          52  usart_stm32f2xx.o(.constdata)
    .constdata                               0x08003db4   Section       24  system_stm32f2xx.o(.constdata)
    .data                                    0x20000000   Section       36  main.o(.data)
    .data                                    0x20000024   Section       20  rtx_conf_cm.o(.data)
    nr_mutex                                 0x20000034   Data           4  rtx_conf_cm.o(.data)
    .data                                    0x20000038   Section        9  stm32f2xx_hal.o(.data)
    .data                                    0x20000044   Section        4  system_stm32f2xx.o(.data)
    .data                                    0x20000048   Section        8  rt_cmsis.o(.data)
    .data                                    0x20000050   Section        8  rt_task.o(.data)
    .data                                    0x20000058   Section        8  rt_system.o(.data)
    os_lock                                  0x20000058   Data           1  rt_system.o(.data)
    os_psh_flag                              0x20000059   Data           1  rt_system.o(.data)
    pend_flags                               0x2000005a   Data           1  rt_system.o(.data)
    .data                                    0x20000060   Section        4  rt_time.o(.data)
    .data                                    0x20000064   Section        8  rt_robin.o(.data)
    .data                                    0x2000006c   Section        1  hal_cm.o(.data)
    .bss                                     0x20000070   Section      120  main.o(.bss)
    .bss                                     0x200000e8   Section     3016  rtx_conf_cm.o(.bss)
    std_libspace                             0x20000990   Data         672  rtx_conf_cm.o(.bss)
    std_libmutex                             0x20000c30   Data         128  rtx_conf_cm.o(.bss)
    .bss                                     0x20000cb0   Section       56  usart_stm32f2xx.o(.bss)
    USART1_Info                              0x20000cb0   Data          20  usart_stm32f2xx.o(.bss)
    USART1_TransferInfo                      0x20000cc4   Data          36  usart_stm32f2xx.o(.bss)
    .bss                                     0x20000ce8   Section       52  rt_task.o(.bss)
    .bss                                     0x20000d1c   Section       48  rt_list.o(.bss)
    .bss                                     0x20000d4c   Section       96  libspace.o(.bss)
    HEAP                                     0x20000db0   Section      512  startup_stm32f207xx.o(HEAP)
    Heap_Mem                                 0x20000db0   Data         512  startup_stm32f207xx.o(HEAP)
    STACK                                    0x20000fb0   Section     1024  startup_stm32f207xx.o(STACK)
    Stack_Mem                                0x20000fb0   Data        1024  startup_stm32f207xx.o(STACK)
    __initial_sp                             0x200013b0   Data           0  startup_stm32f207xx.o(STACK)

    Global Symbols

    Symbol Name                              Value     Ov Type        Size  Object(Section)

    BuildAttributes$$THM_ISAv4$P$D$K$B$S$PE$A:L22UL41UL21$X:L11$S22US41US21$IEEE1$IW$USESV6$~STKCKD$USESV7$~SHL$OSPACE$ROPI$EBA8$UX$STANDARDLIB$REQ8$PRES8$EABIv2 0x00000000   Number         0  anon$$obj.o ABSOLUTE
    __ARM_use_no_argv                        0x00000000   Number         0  main.o ABSOLUTE
    __ARM_exceptions_init                     - Undefined Weak Reference
    __alloca_initialize                       - Undefined Weak Reference
    __arm_preinit_                            - Undefined Weak Reference
    __cpp_initialize__aeabi_                  - Undefined Weak Reference
    __cxa_finalize                            - Undefined Weak Reference
    __rt_locale                               - Undefined Weak Reference
    __sigvec_lookup                           - Undefined Weak Reference
    _atexit_init                              - Undefined Weak Reference
    _call_atexit_fns                          - Undefined Weak Reference
    _clock_init                               - Undefined Weak Reference
    _fp_trap_init                             - Undefined Weak Reference
    _fp_trap_shutdown                         - Undefined Weak Reference
    _get_lc_collate                           - Undefined Weak Reference
    _get_lc_ctype                             - Undefined Weak Reference
    _get_lc_monetary                          - Undefined Weak Reference
    _get_lc_numeric                           - Undefined Weak Reference
    _get_lc_time                              - Undefined Weak Reference
    _getenv_init                              - Undefined Weak Reference
    _handle_redirection                       - Undefined Weak Reference
    _init_alloc                               - Undefined Weak Reference
    _init_user_alloc                          - Undefined Weak Reference
    _initio                                   - Undefined Weak Reference
    _rand_init                                - Undefined Weak Reference
    _signal_finish                            - Undefined Weak Reference
    _signal_init                              - Undefined Weak Reference
    _terminate_alloc                          - Undefined Weak Reference
    _terminate_user_alloc                     - Undefined Weak Reference
    _terminateio                              - Undefined Weak Reference
    __Vectors_Size                           0x00000184   Number         0  startup_stm32f207xx.o ABSOLUTE
    __RL_RTX_VER                             0x00000482   Number         0  rt_system.o ABSOLUTE
    __Vectors                                0x08000000   Data           4  startup_stm32f207xx.o(RESET)
    __Vectors_End                            0x08000184   Data           0  startup_stm32f207xx.o(RESET)
    __main                                   0x08000185   Thumb Code     8  __main.o(!!!main)
    __scatterload                            0x0800018d   Thumb Code     0  __scatter.o(!!!scatter)
    __scatterload_rt2                        0x0800018d   Thumb Code    44  __scatter.o(!!!scatter)
    __scatterload_rt2_thumb_only             0x0800018d   Thumb Code     0  __scatter.o(!!!scatter)
    __scatterload_null                       0x0800019b   Thumb Code     0  __scatter.o(!!!scatter)
    __scatterload_copy                       0x080001c1   Thumb Code    26  __scatter_copy.o(!!handler_copy)
    __scatterload_zeroinit                   0x080001dd   Thumb Code    28  __scatter_zi.o(!!handler_zi)
    __rt_lib_init                            0x080001f9   Thumb Code     0  libinit.o(.ARM.Collect$$libinit$$00000000)
    __rt_lib_init_alloca_1                   0x080001fb   Thumb Code     0  libinit2.o(.ARM.Collect$$libinit$$0000002E)
    __rt_lib_init_argv_1                     0x080001fb   Thumb Code     0  libinit2.o(.ARM.Collect$$libinit$$0000002C)
    __rt_lib_init_atexit_1                   0x080001fb   Thumb Code     0  libinit2.o(.ARM.Collect$$libinit$$0000001B)
    __rt_lib_init_clock_1                    0x080001fb   Thumb Code     0  libinit2.o(.ARM.Collect$$libinit$$00000021)
    __rt_lib_init_cpp_1                      0x080001fb   Thumb Code     0  libinit2.o(.ARM.Collect$$libinit$$00000032)
    __rt_lib_init_exceptions_1               0x080001fb   Thumb Code     0  libinit2.o(.ARM.Collect$$libinit$$00000030)
    __rt_lib_init_fp_1                       0x080001fb   Thumb Code     0  libinit2.o(.ARM.Collect$$libinit$$00000002)
    __rt_lib_init_fp_trap_1                  0x080001fb   Thumb Code     0  libinit2.o(.ARM.Collect$$libinit$$0000001F)
    __rt_lib_init_getenv_1                   0x080001fb   Thumb Code     0  libinit2.o(.ARM.Collect$$libinit$$00000023)
    __rt_lib_init_heap_1                     0x080001fb   Thumb Code     0  libinit2.o(.ARM.Collect$$libinit$$0000000A)
    __rt_lib_init_lc_collate_1               0x080001fb   Thumb Code     0  libinit2.o(.ARM.Collect$$libinit$$00000011)
    __rt_lib_init_lc_ctype_1                 0x080001fb   Thumb Code     0  libinit2.o(.ARM.Collect$$libinit$$00000013)
    __rt_lib_init_lc_monetary_1              0x080001fb   Thumb Code     0  libinit2.o(.ARM.Collect$$libinit$$00000015)
    __rt_lib_init_lc_numeric_1               0x080001fb   Thumb Code     0  libinit2.o(.ARM.Collect$$libinit$$00000017)
    __rt_lib_init_lc_time_1                  0x080001fb   Thumb Code     0  libinit2.o(.ARM.Collect$$libinit$$00000019)
    __rt_lib_init_preinit_1                  0x080001fb   Thumb Code     0  libinit2.o(.ARM.Collect$$libinit$$00000004)
    __rt_lib_init_rand_1                     0x080001fb   Thumb Code     0  libinit2.o(.ARM.Collect$$libinit$$0000000E)
    __rt_lib_init_return                     0x080001fb   Thumb Code     0  libinit2.o(.ARM.Collect$$libinit$$00000033)
    __rt_lib_init_signal_1                   0x080001fb   Thumb Code     0  libinit2.o(.ARM.Collect$$libinit$$0000001D)
    __rt_lib_init_stdio_1                    0x080001fb   Thumb Code     0  libinit2.o(.ARM.Collect$$libinit$$00000025)
    __rt_lib_init_user_alloc_1               0x080001fb   Thumb Code     0  libinit2.o(.ARM.Collect$$libinit$$0000000C)
    __rt_lib_shutdown                        0x080001fd   Thumb Code     0  libshutdown.o(.ARM.Collect$$libshutdown$$00000000)
    __rt_lib_shutdown_cpp_1                  0x080001ff   Thumb Code     0  libshutdown2.o(.ARM.Collect$$libshutdown$$00000002)
    __rt_lib_shutdown_fp_trap_1              0x080001ff   Thumb Code     0  libshutdown2.o(.ARM.Collect$$libshutdown$$00000007)
    __rt_lib_shutdown_heap_1                 0x080001ff   Thumb Code     0  libshutdown2.o(.ARM.Collect$$libshutdown$$0000000F)
    __rt_lib_shutdown_return                 0x080001ff   Thumb Code     0  libshutdown2.o(.ARM.Collect$$libshutdown$$00000010)
    __rt_lib_shutdown_signal_1               0x080001ff   Thumb Code     0  libshutdown2.o(.ARM.Collect$$libshutdown$$0000000A)
    __rt_lib_shutdown_stdio_1                0x080001ff   Thumb Code     0  libshutdown2.o(.ARM.Collect$$libshutdown$$00000004)
    __rt_lib_shutdown_user_alloc_1           0x080001ff   Thumb Code     0  libshutdown2.o(.ARM.Collect$$libshutdown$$0000000C)
    __rt_entry                               0x08000201   Thumb Code     0  __rtentry.o(.ARM.Collect$$rtentry$$00000000)
    __rt_entry_presh_1                       0x08000201   Thumb Code     0  __rtentry2.o(.ARM.Collect$$rtentry$$00000002)
    __rt_entry_sh                            0x08000201   Thumb Code     0  __rtentry4.o(.ARM.Collect$$rtentry$$00000004)
    __rt_entry_li                            0x08000207   Thumb Code     0  __rtentry2.o(.ARM.Collect$$rtentry$$0000000A)
    __rt_entry_postsh_1                      0x08000207   Thumb Code     0  __rtentry2.o(.ARM.Collect$$rtentry$$00000009)
    __rt_entry_postli_1                      0x0800020b   Thumb Code     0  __rtentry2.o(.ARM.Collect$$rtentry$$0000000B)
    __rt_entry_main                          0x08000213   Thumb Code     0  __rtentry2.o(.ARM.Collect$$rtentry$$0000000D)
    __rt_exit                                0x0800021b   Thumb Code     0  rtexit.o(.ARM.Collect$$rtexit$$00000000)
    __rt_exit_ls                             0x0800021d   Thumb Code     0  rtexit2.o(.ARM.Collect$$rtexit$$00000003)
    __rt_exit_prels_1                        0x0800021d   Thumb Code     0  rtexit2.o(.ARM.Collect$$rtexit$$00000002)
    __rt_exit_exit                           0x08000221   Thumb Code     0  rtexit2.o(.ARM.Collect$$rtexit$$00000004)
    _platform_post_lib_init                  0x08000229   Thumb Code    24  rtx_conf_cm.o(.emb_text)
    rt_set_PSP                               0x08000245   Thumb Code     6  hal_cm3.o(.emb_text)
    rt_get_PSP                               0x0800024b   Thumb Code     6  hal_cm3.o(.emb_text)
    os_set_env                               0x08000251   Thumb Code    24  hal_cm3.o(.emb_text)
    _alloc_box                               0x0800026d   Thumb Code    28  hal_cm3.o(.emb_text)
    _free_box                                0x0800028d   Thumb Code    28  hal_cm3.o(.emb_text)
    SVC_Handler                              0x080002ad   Thumb Code   108  hal_cm3.o(.emb_text)
    PendSV_Handler                           0x08000325   Thumb Code    56  hal_cm3.o(.emb_text)
    SysTick_Handler                          0x08000361   Thumb Code     8  hal_cm3.o(.emb_text)
    OS_Tick_Handler                          0x08000369   Thumb Code    12  hal_cm3.o(.emb_text)
    Reset_Handler                            0x08000375   Thumb Code     8  startup_stm32f207xx.o(.text)
    NMI_Handler                              0x0800037d   Thumb Code     2  startup_stm32f207xx.o(.text)
    HardFault_Handler                        0x0800037f   Thumb Code     2  startup_stm32f207xx.o(.text)
    MemManage_Handler                        0x08000381   Thumb Code     2  startup_stm32f207xx.o(.text)
    BusFault_Handler                         0x08000383   Thumb Code     2  startup_stm32f207xx.o(.text)
    UsageFault_Handler                       0x08000385   Thumb Code     2  startup_stm32f207xx.o(.text)
    DebugMon_Handler                         0x08000389   Thumb Code     2  startup_stm32f207xx.o(.text)
    ADC_IRQHandler                           0x0800038f   Thumb Code     0  startup_stm32f207xx.o(.text)
    CAN1_RX0_IRQHandler                      0x0800038f   Thumb Code     0  startup_stm32f207xx.o(.text)
    CAN1_RX1_IRQHandler                      0x0800038f   Thumb Code     0  startup_stm32f207xx.o(.text)
    CAN1_SCE_IRQHandler                      0x0800038f   Thumb Code     0  startup_stm32f207xx.o(.text)
    CAN1_TX_IRQHandler                       0x0800038f   Thumb Code     0  startup_stm32f207xx.o(.text)
    CAN2_RX0_IRQHandler                      0x0800038f   Thumb Code     0  startup_stm32f207xx.o(.text)
    CAN2_RX1_IRQHandler                      0x0800038f   Thumb Code     0  startup_stm32f207xx.o(.text)
    CAN2_SCE_IRQHandler                      0x0800038f   Thumb Code     0  startup_stm32f207xx.o(.text)
    CAN2_TX_IRQHandler                       0x0800038f   Thumb Code     0  startup_stm32f207xx.o(.text)
    DCMI_IRQHandler                          0x0800038f   Thumb Code     0  startup_stm32f207xx.o(.text)
    DMA1_Stream0_IRQHandler                  0x0800038f   Thumb Code     0  startup_stm32f207xx.o(.text)
    DMA1_Stream1_IRQHandler                  0x0800038f   Thumb Code     0  startup_stm32f207xx.o(.text)
    DMA1_Stream2_IRQHandler                  0x0800038f   Thumb Code     0  startup_stm32f207xx.o(.text)
    DMA1_Stream3_IRQHandler                  0x0800038f   Thumb Code     0  startup_stm32f207xx.o(.text)
    DMA1_Stream4_IRQHandler                  0x0800038f   Thumb Code     0  startup_stm32f207xx.o(.text)
    DMA1_Stream5_IRQHandler                  0x0800038f   Thumb Code     0  startup_stm32f207xx.o(.text)
    DMA1_Stream6_IRQHandler                  0x0800038f   Thumb Code     0  startup_stm32f207xx.o(.text)
    DMA1_Stream7_IRQHandler                  0x0800038f   Thumb Code     0  startup_stm32f207xx.o(.text)
    DMA2_Stream0_IRQHandler                  0x0800038f   Thumb Code     0  startup_stm32f207xx.o(.text)
    DMA2_Stream1_IRQHandler                  0x0800038f   Thumb Code     0  startup_stm32f207xx.o(.text)
    DMA2_Stream2_IRQHandler                  0x0800038f   Thumb Code     0  startup_stm32f207xx.o(.text)
    DMA2_Stream3_IRQHandler                  0x0800038f   Thumb Code     0  startup_stm32f207xx.o(.text)
    DMA2_Stream4_IRQHandler                  0x0800038f   Thumb Code     0  startup_stm32f207xx.o(.text)
    DMA2_Stream5_IRQHandler                  0x0800038f   Thumb Code     0  startup_stm32f207xx.o(.text)
    DMA2_Stream6_IRQHandler                  0x0800038f   Thumb Code     0  startup_stm32f207xx.o(.text)
    DMA2_Stream7_IRQHandler                  0x0800038f   Thumb Code     0  startup_stm32f207xx.o(.text)
    ETH_IRQHandler                           0x0800038f   Thumb Code     0  startup_stm32f207xx.o(.text)
    ETH_WKUP_IRQHandler                      0x0800038f   Thumb Code     0  startup_stm32f207xx.o(.text)
    EXTI0_IRQHandler                         0x0800038f   Thumb Code     0  startup_stm32f207xx.o(.text)
    EXTI15_10_IRQHandler                     0x0800038f   Thumb Code     0  startup_stm32f207xx.o(.text)
    EXTI1_IRQHandler                         0x0800038f   Thumb Code     0  startup_stm32f207xx.o(.text)
    EXTI2_IRQHandler                         0x0800038f   Thumb Code     0  startup_stm32f207xx.o(.text)
    EXTI3_IRQHandler                         0x0800038f   Thumb Code     0  startup_stm32f207xx.o(.text)
    EXTI4_IRQHandler                         0x0800038f   Thumb Code     0  startup_stm32f207xx.o(.text)
    EXTI9_5_IRQHandler                       0x0800038f   Thumb Code     0  startup_stm32f207xx.o(.text)
    FLASH_IRQHandler                         0x0800038f   Thumb Code     0  startup_stm32f207xx.o(.text)
    FSMC_IRQHandler                          0x0800038f   Thumb Code     0  startup_stm32f207xx.o(.text)
    HASH_RNG_IRQHandler                      0x0800038f   Thumb Code     0  startup_stm32f207xx.o(.text)
    I2C1_ER_IRQHandler                       0x0800038f   Thumb Code     0  startup_stm32f207xx.o(.text)
    I2C1_EV_IRQHandler                       0x0800038f   Thumb Code     0  startup_stm32f207xx.o(.text)
    I2C2_ER_IRQHandler                       0x0800038f   Thumb Code     0  startup_stm32f207xx.o(.text)
    I2C2_EV_IRQHandler                       0x0800038f   Thumb Code     0  startup_stm32f207xx.o(.text)
    I2C3_ER_IRQHandler                       0x0800038f   Thumb Code     0  startup_stm32f207xx.o(.text)
    I2C3_EV_IRQHandler                       0x0800038f   Thumb Code     0  startup_stm32f207xx.o(.text)
    OTG_FS_IRQHandler                        0x0800038f   Thumb Code     0  startup_stm32f207xx.o(.text)
    OTG_FS_WKUP_IRQHandler                   0x0800038f   Thumb Code     0  startup_stm32f207xx.o(.text)
    OTG_HS_EP1_IN_IRQHandler                 0x0800038f   Thumb Code     0  startup_stm32f207xx.o(.text)
    OTG_HS_EP1_OUT_IRQHandler                0x0800038f   Thumb Code     0  startup_stm32f207xx.o(.text)
    OTG_HS_IRQHandler                        0x0800038f   Thumb Code     0  startup_stm32f207xx.o(.text)
    OTG_HS_WKUP_IRQHandler                   0x0800038f   Thumb Code     0  startup_stm32f207xx.o(.text)
    PVD_IRQHandler                           0x0800038f   Thumb Code     0  startup_stm32f207xx.o(.text)
    RCC_IRQHandler                           0x0800038f   Thumb Code     0  startup_stm32f207xx.o(.text)
    RTC_Alarm_IRQHandler                     0x0800038f   Thumb Code     0  startup_stm32f207xx.o(.text)
    RTC_WKUP_IRQHandler                      0x0800038f   Thumb Code     0  startup_stm32f207xx.o(.text)
    SDIO_IRQHandler                          0x0800038f   Thumb Code     0  startup_stm32f207xx.o(.text)
    SPI1_IRQHandler                          0x0800038f   Thumb Code     0  startup_stm32f207xx.o(.text)
    SPI2_IRQHandler                          0x0800038f   Thumb Code     0  startup_stm32f207xx.o(.text)
    SPI3_IRQHandler                          0x0800038f   Thumb Code     0  startup_stm32f207xx.o(.text)
    TAMP_STAMP_IRQHandler                    0x0800038f   Thumb Code     0  startup_stm32f207xx.o(.text)
    TIM1_BRK_TIM9_IRQHandler                 0x0800038f   Thumb Code     0  startup_stm32f207xx.o(.text)
    TIM1_CC_IRQHandler                       0x0800038f   Thumb Code     0  startup_stm32f207xx.o(.text)
    TIM1_TRG_COM_TIM11_IRQHandler            0x0800038f   Thumb Code     0  startup_stm32f207xx.o(.text)
    TIM1_UP_TIM10_IRQHandler                 0x0800038f   Thumb Code     0  startup_stm32f207xx.o(.text)
    TIM2_IRQHandler                          0x0800038f   Thumb Code     0  startup_stm32f207xx.o(.text)
    TIM3_IRQHandler                          0x0800038f   Thumb Code     0  startup_stm32f207xx.o(.text)
    TIM4_IRQHandler                          0x0800038f   Thumb Code     0  startup_stm32f207xx.o(.text)
    TIM5_IRQHandler                          0x0800038f   Thumb Code     0  startup_stm32f207xx.o(.text)
    TIM6_DAC_IRQHandler                      0x0800038f   Thumb Code     0  startup_stm32f207xx.o(.text)
    TIM7_IRQHandler                          0x0800038f   Thumb Code     0  startup_stm32f207xx.o(.text)
    TIM8_BRK_TIM12_IRQHandler                0x0800038f   Thumb Code     0  startup_stm32f207xx.o(.text)
    TIM8_CC_IRQHandler                       0x0800038f   Thumb Code     0  startup_stm32f207xx.o(.text)
    TIM8_TRG_COM_TIM14_IRQHandler            0x0800038f   Thumb Code     0  startup_stm32f207xx.o(.text)
    TIM8_UP_TIM13_IRQHandler                 0x0800038f   Thumb Code     0  startup_stm32f207xx.o(.text)
    UART4_IRQHandler                         0x0800038f   Thumb Code     0  startup_stm32f207xx.o(.text)
    UART5_IRQHandler                         0x0800038f   Thumb Code     0  startup_stm32f207xx.o(.text)
    USART2_IRQHandler                        0x0800038f   Thumb Code     0  startup_stm32f207xx.o(.text)
    USART3_IRQHandler                        0x0800038f   Thumb Code     0  startup_stm32f207xx.o(.text)
    USART6_IRQHandler                        0x0800038f   Thumb Code     0  startup_stm32f207xx.o(.text)
    WWDG_IRQHandler                          0x0800038f   Thumb Code     0  startup_stm32f207xx.o(.text)
    __user_initial_stackheap                 0x08000391   Thumb Code     0  startup_stm32f207xx.o(.text)
    __user_libspace                          0x080003b5   Thumb Code     8  libspace.o(.text)
    __user_perproc_libspace                  0x080003b5   Thumb Code     0  libspace.o(.text)
    exit                                     0x080003bd   Thumb Code    18  exit.o(.text)
    strlen                                   0x080003cf   Thumb Code    62  strlen.o(.text)
    strncmp                                  0x0800040d   Thumb Code   150  strncmp.o(.text)
    __aeabi_memclr4                          0x080004a3   Thumb Code     0  rt_memclr_w.o(.text)
    __aeabi_memclr8                          0x080004a3   Thumb Code     0  rt_memclr_w.o(.text)
    __rt_memclr_w                            0x080004a3   Thumb Code    78  rt_memclr_w.o(.text)
    _memset_w                                0x080004a7   Thumb Code     0  rt_memclr_w.o(.text)
    strcmp                                   0x080004f1   Thumb Code   128  strcmpv7m.o(.text)
    __use_two_region_memory                  0x08000571   Thumb Code     2  heapauxi.o(.text)
    __rt_heap_escrow$2region                 0x08000573   Thumb Code     2  heapauxi.o(.text)
    __rt_heap_expand$2region                 0x08000575   Thumb Code     2  heapauxi.o(.text)
    _sys_exit                                0x08000579   Thumb Code     8  sys_exit.o(.text)
    __user_setup_stackheap                   0x08000585   Thumb Code    74  sys_stackheap_outer.o(.text)
    __I$use$semihosting                      0x080005cf   Thumb Code     0  use_no_semi.o(.text)
    __use_no_semihosting_swi                 0x080005cf   Thumb Code     2  use_no_semi.o(.text)
    SVC_Count                                0x080005d0   Data           4  svc_table.o(SVC_TABLE)
    __semihosting_library_function           0x080005d1   Thumb Code     0  indicate_semi.o(.text)
    SVC_Table                                0x080005d4   Data           0  svc_table.o(SVC_TABLE)
    HAL_DMA_Abort                            0x08000759   Thumb Code   172  stm32f2xx_hal_dma.o(i.HAL_DMA_Abort)
    HAL_GPIO_DeInit                          0x08000805   Thumb Code   302  stm32f2xx_hal_gpio.o(i.HAL_GPIO_DeInit)
    HAL_GPIO_Init                            0x08000961   Thumb Code   458  stm32f2xx_hal_gpio.o(i.HAL_GPIO_Init)
    HAL_GPIO_ReadPin                         0x08000b5d   Thumb Code    16  stm32f2xx_hal_gpio.o(i.HAL_GPIO_ReadPin)
    HAL_GPIO_WritePin                        0x08000b6d   Thumb Code    12  stm32f2xx_hal_gpio.o(i.HAL_GPIO_WritePin)
    HAL_GetTick                              0x08000b79   Thumb Code     6  stm32f2xx_hal.o(i.HAL_GetTick)
    HAL_NVIC_DisableIRQ                      0x08000b85   Thumb Code    62  stm32f2xx_hal_cortex.o(i.HAL_NVIC_DisableIRQ)
    HAL_RCC_GetHCLKFreq                      0x08000bc9   Thumb Code     6  stm32f2xx_hal_rcc.o(i.HAL_RCC_GetHCLKFreq)
    HAL_RCC_GetPCLK2Freq                     0x08000bd5   Thumb Code    36  stm32f2xx_hal_rcc.o(i.HAL_RCC_GetPCLK2Freq)
    Init_USART1                              0x08000c01   Thumb Code    62  main.o(i.Init_USART1)
    LED_Initialize                           0x08000c4d   Thumb Code   178  led_mcbstm32f200.o(i.LED_Initialize)
    LED_Off                                  0x08000d11   Thumb Code    40  led_mcbstm32f200.o(i.LED_Off)
    LED_On                                   0x08000d3d   Thumb Code    40  led_mcbstm32f200.o(i.LED_On)
    SystemInit                               0x08000d69   Thumb Code     2  system_stm32f2xx.o(i.SystemInit)
    USART1_Callback                          0x08000d6d   Thumb Code    98  main.o(i.USART1_Callback)
    USART1_IRQHandler                        0x08000e4d   Thumb Code    10  usart_stm32f2xx.o(i.USART1_IRQHandler)
    USART_IRQHandler                         0x08001953   Thumb Code   626  usart_stm32f2xx.o(i.USART_IRQHandler)
    _init_box                                0x080022f1   Thumb Code    70  rt_membox.o(i._init_box)
    _mutex_acquire                           0x08002339   Thumb Code    22  rtx_conf_cm.o(i._mutex_acquire)
    _mutex_release                           0x08002359   Thumb Code    18  rtx_conf_cm.o(i._mutex_release)
    app_main                                 0x08002375   Thumb Code   608  main.o(i.app_main)
    dbg_init                                 0x08002725   Thumb Code    34  hal_cm.o(i.dbg_init)
    dbg_task_notify                          0x08002755   Thumb Code    32  hal_cm.o(i.dbg_task_notify)
    dbg_task_switch                          0x08002775   Thumb Code    16  hal_cm.o(i.dbg_task_switch)
    isrMessageGet                            0x08002785   Thumb Code    42  rt_cmsis.o(i.isrMessageGet)
    isrMessagePut                            0x080027af   Thumb Code    44  rt_cmsis.o(i.isrMessagePut)
    isr_mbx_receive                          0x080027dd   Thumb Code    86  rt_mailbox.o(i.isr_mbx_receive)
    isr_mbx_send                             0x08002833   Thumb Code    14  rt_mailbox.o(i.isr_mbx_send)
    main                                     0x08002841   Thumb Code    40  main.o(i.main)
    osKernelInitialize                       0x08002875   Thumb Code    30  rt_cmsis.o(i.osKernelInitialize)
    osKernelStart                            0x08002899   Thumb Code    98  rt_cmsis.o(i.osKernelStart)
    osMailAlloc                              0x08002905   Thumb Code    22  rt_cmsis.o(i.osMailAlloc)
    osMailCreate                             0x08002921   Thumb Code    36  rt_cmsis.o(i.osMailCreate)
    osMailFree                               0x0800294d   Thumb Code    22  rt_cmsis.o(i.osMailFree)
    osMailGet                                0x08002969   Thumb Code    22  rt_cmsis.o(i.osMailGet)
    osMailPut                                0x0800297f   Thumb Code    20  rt_cmsis.o(i.osMailPut)
    osMessageGet                             0x08002995   Thumb Code    18  rt_cmsis.o(i.osMessageGet)
    osMessagePut                             0x080029ad   Thumb Code    18  rt_cmsis.o(i.osMessagePut)
    osThreadCreate                           0x080029c5   Thumb Code    36  rt_cmsis.o(i.osThreadCreate)
    osThreadExit                             0x080029f1   Thumb Code    14  rt_cmsis.o(i.osThreadExit)
    osTimerCall                              0x08002a09   Thumb Code     8  rt_cmsis.o(i.osTimerCall)
    osTimerThread                            0x08002a15   Thumb Code    38  rt_cmsis.o(i.osTimerThread)
    os_error                                 0x08002a41   Thumb Code    34  rtx_conf_cm.o(i.os_error)
    os_idle_demon                            0x08002a63   Thumb Code     4  rtx_conf_cm.o(i.os_idle_demon)
    os_tick_init                             0x08002a69   Thumb Code    32  rt_system.o(i.os_tick_init)
    os_tick_irqack                           0x08002a91   Thumb Code     2  rt_system.o(i.os_tick_irqack)
    rt_alloc_box                             0x08002a93   Thumb Code    26  rt_membox.o(i.rt_alloc_box)
    rt_alloc_mem                             0x08002aad   Thumb Code    62  rt_memory.o(i.rt_alloc_mem)
    rt_block                                 0x08002aed   Thumb Code    48  rt_task.o(i.rt_block)
    rt_chk_robin                             0x08002b25   Thumb Code    60  rt_robin.o(i.rt_chk_robin)
    rt_dec_dly                               0x08002b6d   Thumb Code   102  rt_list.o(i.rt_dec_dly)
    rt_dispatch                              0x08002bdd   Thumb Code    60  rt_task.o(i.rt_dispatch)
    rt_evt_psh                               0x08002c21   Thumb Code    76  rt_event.o(i.rt_evt_psh)
    rt_free_box                              0x08002c71   Thumb Code    44  rt_membox.o(i.rt_free_box)
    rt_free_mem                              0x08002c9d   Thumb Code    40  rt_memory.o(i.rt_free_mem)
    rt_get_first                             0x08002cc5   Thumb Code    40  rt_list.o(i.rt_get_first)
    rt_init_mem                              0x08002d3d   Thumb Code    26  rt_memory.o(i.rt_init_mem)
    rt_init_robin                            0x08002d59   Thumb Code    14  rt_robin.o(i.rt_init_robin)
    rt_init_stack                            0x08002d71   Thumb Code   118  hal_cm.o(i.rt_init_stack)
    rt_mbx_check                             0x08002df1   Thumb Code     8  rt_mailbox.o(i.rt_mbx_check)
    rt_mbx_init                              0x08002df9   Thumb Code    26  rt_mailbox.o(i.rt_mbx_init)
    rt_mbx_psh                               0x08002e15   Thumb Code   236  rt_mailbox.o(i.rt_mbx_psh)
    rt_mbx_send                              0x08002f05   Thumb Code   148  rt_mailbox.o(i.rt_mbx_send)
    rt_mbx_wait                              0x08002f9d   Thumb Code   174  rt_mailbox.o(i.rt_mbx_wait)
    rt_mut_release                           0x08003095   Thumb Code   208  rt_mutex.o(i.rt_mut_release)
    rt_mut_wait                              0x0800316d   Thumb Code   114  rt_mutex.o(i.rt_mut_wait)
    rt_pop_req                               0x080031e5   Thumb Code   112  rt_system.o(i.rt_pop_req)
    rt_psh_req                               0x08003261   Thumb Code    22  rt_system.o(i.rt_psh_req)
    rt_psq_enq                               0x08003281   Thumb Code    88  rt_list.o(i.rt_psq_enq)
    rt_put_dly                               0x080032dd   Thumb Code    68  rt_list.o(i.rt_put_dly)
    rt_put_prio                              0x08003325   Thumb Code    54  rt_list.o(i.rt_put_prio)
    rt_put_rdy_first                         0x0800335d   Thumb Code    14  rt_list.o(i.rt_put_rdy_first)
    rt_resort_prio                           0x08003371   Thumb Code    46  rt_list.o(i.rt_resort_prio)
    rt_ret_val                               0x080033a5   Thumb Code     6  hal_cm.o(i.rt_ret_val)
    rt_ret_val2                              0x080033ab   Thumb Code     8  hal_cm.o(i.rt_ret_val2)
    rt_rmv_dly                               0x080033b3   Thumb Code    40  rt_list.o(i.rt_rmv_dly)
    rt_rmv_list                              0x080033dd   Thumb Code    44  rt_list.o(i.rt_rmv_list)
    rt_sem_psh                               0x0800340d   Thumb Code    48  rt_semaphore.o(i.rt_sem_psh)
    rt_stk_check                             0x08003441   Thumb Code    28  rt_system.o(i.rt_stk_check)
    rt_switch_req                            0x08003465   Thumb Code    30  rt_task.o(i.rt_switch_req)
    rt_sys_init                              0x0800348d   Thumb Code   138  rt_task.o(i.rt_sys_init)
    rt_sys_start                             0x08003559   Thumb Code   110  rt_task.o(i.rt_sys_start)
    rt_systick                               0x080035d1   Thumb Code    50  rt_system.o(i.rt_systick)
    rt_tsk_create                            0x08003659   Thumb Code   118  rt_task.o(i.rt_tsk_create)
    rt_tsk_delete                            0x080036e1   Thumb Code   352  rt_task.o(i.rt_tsk_delete)
    rt_tsk_prio                              0x0800385d   Thumb Code   108  rt_task.o(i.rt_tsk_prio)
    rt_tsk_self                              0x080038d9   Thumb Code    12  rt_task.o(i.rt_tsk_self)
    svcKernelInitialize                      0x080038e9   Thumb Code    80  rt_cmsis.o(i.svcKernelInitialize)
    svcKernelStart                           0x08003959   Thumb Code    62  rt_cmsis.o(i.svcKernelStart)
    svcMailCreate                            0x080039a1   Thumb Code    66  rt_cmsis.o(i.svcMailCreate)
    svcMessageCreate                         0x080039e3   Thumb Code    36  rt_cmsis.o(i.svcMessageCreate)
    svcMessageGet                            0x08003a07   Thumb Code    58  rt_cmsis.o(i.svcMessageGet)
    svcMessagePut                            0x08003a41   Thumb Code    54  rt_cmsis.o(i.svcMessagePut)
    svcThreadCreate                          0x08003a79   Thumb Code    96  rt_cmsis.o(i.svcThreadCreate)
    svcThreadGetId                           0x08003ae5   Thumb Code    22  rt_cmsis.o(i.svcThreadGetId)
    svcThreadTerminate                       0x08003b01   Thumb Code    50  rt_cmsis.o(i.svcThreadTerminate)
    svcTimerCall                             0x08003b39   Thumb Code    24  rt_cmsis.o(i.svcTimerCall)
    sysMailAlloc                             0x08003b51   Thumb Code    84  rt_cmsis.o(i.sysMailAlloc)
    sysMailFree                              0x08003ba9   Thumb Code    96  rt_cmsis.o(i.sysMailFree)
    sysTimerTick                             0x08003c09   Thumb Code    84  rt_cmsis.o(i.sysTimerTick)
    os_thread_def_app_main                   0x08003c64   Data          16  main.o(.constdata)
    os_semaphore_def_rx_semaphore            0x08003c74   Data           4  main.o(.constdata)
    os_mailQ_def_Mailbox_nom_touche          0x08003c78   Data          12  main.o(.constdata)
    os_maxtaskrun                            0x08003cc4   Data           2  rtx_conf_cm.o(.constdata)
    os_stackinfo                             0x08003cc8   Data           4  rtx_conf_cm.o(.constdata)
    os_rrobin                                0x08003ccc   Data           4  rtx_conf_cm.o(.constdata)
    os_tickfreq                              0x08003cd0   Data           4  rtx_conf_cm.o(.constdata)
    os_tickus_i                              0x08003cd4   Data           2  rtx_conf_cm.o(.constdata)
    os_tickus_f                              0x08003cd6   Data           2  rtx_conf_cm.o(.constdata)
    os_trv                                   0x08003cd8   Data           4  rtx_conf_cm.o(.constdata)
    os_flags                                 0x08003cdc   Data           1  rtx_conf_cm.o(.constdata)
    CMSIS_RTOS_API_Version                   0x08003ce0   Data           4  rtx_conf_cm.o(.constdata)
    CMSIS_RTOS_RTX_Version                   0x08003ce4   Data           4  rtx_conf_cm.o(.constdata)
    os_clockrate                             0x08003ce8   Data           4  rtx_conf_cm.o(.constdata)
    os_timernum                              0x08003cec   Data           4  rtx_conf_cm.o(.constdata)
    mp_tcb_size                              0x08003cf0   Data           2  rtx_conf_cm.o(.constdata)
    mp_stk_size                              0x08003cf4   Data           4  rtx_conf_cm.o(.constdata)
    os_stack_sz                              0x08003cf8   Data           4  rtx_conf_cm.o(.constdata)
    os_fifo_size                             0x08003cfc   Data           1  rtx_conf_cm.o(.constdata)
    os_thread_def_osTimerThread              0x08003d00   Data          16  rtx_conf_cm.o(.constdata)
    os_messageQ_def_osTimerMessageQ          0x08003d10   Data           8  rtx_conf_cm.o(.constdata)
    mp_tmr_size                              0x08003d18   Data           2  rtx_conf_cm.o(.constdata)
    os_thread_def_main                       0x08003d1c   Data          16  rtx_conf_cm.o(.constdata)
    Driver_USART1                            0x08003d7c   Data          56  usart_stm32f2xx.o(.constdata)
    AHBPrescTable                            0x08003db4   Data          16  system_stm32f2xx.o(.constdata)
    APBPrescTable                            0x08003dc4   Data           8  system_stm32f2xx.o(.constdata)
    Region$$Table$$Base                      0x08003dcc   Number         0  anon$$obj.o(Region$$Table)
    Region$$Table$$Limit                     0x08003dec   Number         0  anon$$obj.o(Region$$Table)
    os_semaphore_cb_rx_semaphore             0x20000000   Data           8  main.o(.data)
    rx_semaphore_id                          0x20000008   Data           4  main.o(.data)
    ID_Mailbox_nom_touche                    0x2000000c   Data           4  main.o(.data)
    os_mailQ_p_Mailbox_nom_touche            0x20000010   Data           8  main.o(.data)
    rx_char                                  0x20000018   Data           1  main.o(.data)
    rx_buffer_idx                            0x2000001c   Data           4  main.o(.data)
    ptr                                      0x20000020   Data           4  main.o(.data)
    osThreadId_osTimerThread                 0x20000024   Data           4  rtx_conf_cm.o(.data)
    osMessageQId_osTimerMessageQ             0x20000028   Data           4  rtx_conf_cm.o(.data)
    os_tmr                                   0x2000002c   Data           4  rtx_conf_cm.o(.data)
    m_tmr                                    0x20000030   Data           4  rtx_conf_cm.o(.data)
    uwTick                                   0x20000038   Data           4  stm32f2xx_hal.o(.data)
    uwTickPrio                               0x2000003c   Data           4  stm32f2xx_hal.o(.data)
    uwTickFreq                               0x20000040   Data           1  stm32f2xx_hal.o(.data)
    SystemCoreClock                          0x20000044   Data           4  system_stm32f2xx.o(.data)
    os_initialized                           0x20000048   Data           1  rt_cmsis.o(.data)
    os_running                               0x20000049   Data           1  rt_cmsis.o(.data)
    os_timer_head                            0x2000004c   Data           4  rt_cmsis.o(.data)
    os_tsk                                   0x20000050   Data           8  rt_task.o(.data)
    os_tick_irqn                             0x2000005c   Data           4  rt_system.o(.data)
    os_time                                  0x20000060   Data           4  rt_time.o(.data)
    os_robin                                 0x20000064   Data           8  rt_robin.o(.data)
    dbg_msg                                  0x2000006c   Data           1  hal_cm.o(.data)
    os_mailQ_q_Mailbox_nom_touche            0x20000070   Data          36  main.o(.bss)
    os_mailQ_m_Mailbox_nom_touche            0x20000094   Data          52  main.o(.bss)
    rx_buffer                                0x200000c8   Data          32  main.o(.bss)
    mp_tcb                                   0x200000e8   Data         376  rtx_conf_cm.o(.bss)
    mp_stk                                   0x20000260   Data        1216  rtx_conf_cm.o(.bss)
    os_stack_mem                             0x20000720   Data         432  rtx_conf_cm.o(.bss)
    os_fifo                                  0x200008d0   Data         132  rtx_conf_cm.o(.bss)
    os_active_TCB                            0x20000954   Data          28  rtx_conf_cm.o(.bss)
    os_messageQ_q_osTimerMessageQ            0x20000970   Data          32  rtx_conf_cm.o(.bss)
    os_idle_TCB                              0x20000ce8   Data          52  rt_task.o(.bss)
    os_rdy                                   0x20000d1c   Data          24  rt_list.o(.bss)
    os_dly                                   0x20000d34   Data          24  rt_list.o(.bss)
    __libspace_start                         0x20000d4c   Data          96  libspace.o(.bss)
    __temporary_stack_top$libspace           0x20000dac   Data           0  libspace.o(.bss)



==============================================================================

Memory Map of the image

  Image Entry point : 0x08000185

  Load Region LR_IROM1 (Base: 0x08000000, Size: 0x00003e5c, Max: 0x00100000, ABSOLUTE)

    Execution Region ER_IROM1 (Base: 0x08000000, Size: 0x00003dec, Max: 0x00100000, ABSOLUTE)

    Base Addr    Size         Type   Attr      Idx    E Section Name        Object

    0x08000000   0x00000184   Data   RO         1764    RESET               startup_stm32f207xx.o
    0x08000184   0x00000008   Code   RO         3036  * !!!main             c_w.l(__main.o)
    0x0800018c   0x00000034   Code   RO         3197    !!!scatter          c_w.l(__scatter.o)
    0x080001c0   0x0000001a   Code   RO         3199    !!handler_copy      c_w.l(__scatter_copy.o)
    0x080001da   0x00000002   PAD
    0x080001dc   0x0000001c   Code   RO         3201    !!handler_zi        c_w.l(__scatter_zi.o)
    0x080001f8   0x00000002   Code   RO         3083    .ARM.Collect$$libinit$$00000000  c_w.l(libinit.o)
    0x080001fa   0x00000000   Code   RO         3095    .ARM.Collect$$libinit$$00000002  c_w.l(libinit2.o)
    0x080001fa   0x00000000   Code   RO         3097    .ARM.Collect$$libinit$$00000004  c_w.l(libinit2.o)
    0x080001fa   0x00000000   Code   RO         3100    .ARM.Collect$$libinit$$0000000A  c_w.l(libinit2.o)
    0x080001fa   0x00000000   Code   RO         3102    .ARM.Collect$$libinit$$0000000C  c_w.l(libinit2.o)
    0x080001fa   0x00000000   Code   RO         3104    .ARM.Collect$$libinit$$0000000E  c_w.l(libinit2.o)
    0x080001fa   0x00000000   Code   RO         3107    .ARM.Collect$$libinit$$00000011  c_w.l(libinit2.o)
    0x080001fa   0x00000000   Code   RO         3109    .ARM.Collect$$libinit$$00000013  c_w.l(libinit2.o)
    0x080001fa   0x00000000   Code   RO         3111    .ARM.Collect$$libinit$$00000015  c_w.l(libinit2.o)
    0x080001fa   0x00000000   Code   RO         3113    .ARM.Collect$$libinit$$00000017  c_w.l(libinit2.o)
    0x080001fa   0x00000000   Code   RO         3115    .ARM.Collect$$libinit$$00000019  c_w.l(libinit2.o)
    0x080001fa   0x00000000   Code   RO         3117    .ARM.Collect$$libinit$$0000001B  c_w.l(libinit2.o)
    0x080001fa   0x00000000   Code   RO         3119    .ARM.Collect$$libinit$$0000001D  c_w.l(libinit2.o)
    0x080001fa   0x00000000   Code   RO         3121    .ARM.Collect$$libinit$$0000001F  c_w.l(libinit2.o)
    0x080001fa   0x00000000   Code   RO         3123    .ARM.Collect$$libinit$$00000021  c_w.l(libinit2.o)
    0x080001fa   0x00000000   Code   RO         3125    .ARM.Collect$$libinit$$00000023  c_w.l(libinit2.o)
    0x080001fa   0x00000000   Code   RO         3127    .ARM.Collect$$libinit$$00000025  c_w.l(libinit2.o)
    0x080001fa   0x00000000   Code   RO         3131    .ARM.Collect$$libinit$$0000002C  c_w.l(libinit2.o)
    0x080001fa   0x00000000   Code   RO         3133    .ARM.Collect$$libinit$$0000002E  c_w.l(libinit2.o)
    0x080001fa   0x00000000   Code   RO         3135    .ARM.Collect$$libinit$$00000030  c_w.l(libinit2.o)
    0x080001fa   0x00000000   Code   RO         3137    .ARM.Collect$$libinit$$00000032  c_w.l(libinit2.o)
    0x080001fa   0x00000002   Code   RO         3138    .ARM.Collect$$libinit$$00000033  c_w.l(libinit2.o)
    0x080001fc   0x00000002   Code   RO         3084    .ARM.Collect$$libshutdown$$00000000  c_w.l(libshutdown.o)
    0x080001fe   0x00000000   Code   RO         3140    .ARM.Collect$$libshutdown$$00000002  c_w.l(libshutdown2.o)
    0x080001fe   0x00000000   Code   RO         3142    .ARM.Collect$$libshutdown$$00000004  c_w.l(libshutdown2.o)
    0x080001fe   0x00000000   Code   RO         3145    .ARM.Collect$$libshutdown$$00000007  c_w.l(libshutdown2.o)
    0x080001fe   0x00000000   Code   RO         3148    .ARM.Collect$$libshutdown$$0000000A  c_w.l(libshutdown2.o)
    0x080001fe   0x00000000   Code   RO         3150    .ARM.Collect$$libshutdown$$0000000C  c_w.l(libshutdown2.o)
    0x080001fe   0x00000000   Code   RO         3153    .ARM.Collect$$libshutdown$$0000000F  c_w.l(libshutdown2.o)
    0x080001fe   0x00000002   Code   RO         3154    .ARM.Collect$$libshutdown$$00000010  c_w.l(libshutdown2.o)
    0x08000200   0x00000000   Code   RO         3038    .ARM.Collect$$rtentry$$00000000  c_w.l(__rtentry.o)
    0x08000200   0x00000000   Code   RO         3046    .ARM.Collect$$rtentry$$00000002  c_w.l(__rtentry2.o)
    0x08000200   0x00000006   Code   RO         3058    .ARM.Collect$$rtentry$$00000004  c_w.l(__rtentry4.o)
    0x08000206   0x00000000   Code   RO         3048    .ARM.Collect$$rtentry$$00000009  c_w.l(__rtentry2.o)
    0x08000206   0x00000004   Code   RO         3049    .ARM.Collect$$rtentry$$0000000A  c_w.l(__rtentry2.o)
    0x0800020a   0x00000008   Code   RO         3050    .ARM.Collect$$rtentry$$0000000B  c_w.l(__rtentry2.o)
    0x08000212   0x00000008   Code   RO         3052    .ARM.Collect$$rtentry$$0000000D  c_w.l(__rtentry2.o)
    0x0800021a   0x00000002   Code   RO         3039    .ARM.Collect$$rtexit$$00000000  c_w.l(rtexit.o)
    0x0800021c   0x00000000   Code   RO         3061    .ARM.Collect$$rtexit$$00000002  c_w.l(rtexit2.o)
    0x0800021c   0x00000004   Code   RO         3062    .ARM.Collect$$rtexit$$00000003  c_w.l(rtexit2.o)
    0x08000220   0x00000006   Code   RO         3063    .ARM.Collect$$rtexit$$00000004  c_w.l(rtexit2.o)
    0x08000226   0x00000002   PAD
    0x08000228   0x0000001c   Code   RO          199    .emb_text           rtx_conf_cm.o
    0x08000244   0x00000130   Code   RO         3004    .emb_text           RTX_CM3.lib(hal_cm3.o)
    0x08000374   0x00000040   Code   RO         1765    .text               startup_stm32f207xx.o
    0x080003b4   0x00000008   Code   RO         3019    .text               c_w.l(libspace.o)
    0x080003bc   0x00000012   Code   RO         3024    .text               c_w.l(exit.o)
    0x080003ce   0x0000003e   Code   RO         3026    .text               c_w.l(strlen.o)
    0x0800040c   0x00000096   Code   RO         3028    .text               c_w.l(strncmp.o)
    0x080004a2   0x0000004e   Code   RO         3030    .text               c_w.l(rt_memclr_w.o)
    0x080004f0   0x00000080   Code   RO         3032    .text               c_w.l(strcmpv7m.o)
    0x08000570   0x00000006   Code   RO         3034    .text               c_w.l(heapauxi.o)
    0x08000576   0x00000002   PAD
    0x08000578   0x0000000c   Code   RO         3069    .text               c_w.l(sys_exit.o)
    0x08000584   0x0000004a   Code   RO         3071    .text               c_w.l(sys_stackheap_outer.o)
    0x080005ce   0x00000002   Code   RO         3085    .text               c_w.l(use_no_semi.o)
    0x080005d0   0x00000000   Code   RO         3087    .text               c_w.l(indicate_semi.o)
    0x080005d0   0x00000004   Code   RO         3014    SVC_TABLE           RTX_CM3.lib(svc_table.o)
    0x080005d4   0x00000184   Code   RO          260    i.Enable_GPIO_Clock  usart_stm32f2xx.o
    0x08000758   0x000000ac   Code   RO          778    i.HAL_DMA_Abort     stm32f2xx_hal_dma.o
    0x08000804   0x0000015c   Code   RO          922    i.HAL_GPIO_DeInit   stm32f2xx_hal_gpio.o
    0x08000960   0x000001fc   Code   RO          925    i.HAL_GPIO_Init     stm32f2xx_hal_gpio.o
    0x08000b5c   0x00000010   Code   RO          927    i.HAL_GPIO_ReadPin  stm32f2xx_hal_gpio.o
    0x08000b6c   0x0000000c   Code   RO          929    i.HAL_GPIO_WritePin  stm32f2xx_hal_gpio.o
    0x08000b78   0x0000000c   Code   RO          462    i.HAL_GetTick       stm32f2xx_hal.o
    0x08000b84   0x00000044   Code   RO          639    i.HAL_NVIC_DisableIRQ  stm32f2xx_hal_cortex.o
    0x08000bc8   0x0000000c   Code   RO          994    i.HAL_RCC_GetHCLKFreq  stm32f2xx_hal_rcc.o
    0x08000bd4   0x0000002c   Code   RO          997    i.HAL_RCC_GetPCLK2Freq  stm32f2xx_hal_rcc.o
    0x08000c00   0x0000004c   Code   RO            1    i.Init_USART1       main.o
    0x08000c4c   0x000000c4   Code   RO           68    i.LED_Initialize    led_mcbstm32f200.o
    0x08000d10   0x0000002c   Code   RO           69    i.LED_Off           led_mcbstm32f200.o
    0x08000d3c   0x0000002c   Code   RO           70    i.LED_On            led_mcbstm32f200.o
    0x08000d68   0x00000002   Code   RO         1773    i.SystemInit        system_stm32f2xx.o
    0x08000d6a   0x00000002   PAD
    0x08000d6c   0x00000078   Code   RO            2    i.USART1_Callback   main.o
    0x08000de4   0x00000018   Code   RO          261    i.USART1_Control    usart_stm32f2xx.o
    0x08000dfc   0x00000010   Code   RO          262    i.USART1_GetCapabilities  usart_stm32f2xx.o
    0x08000e0c   0x00000010   Code   RO          263    i.USART1_GetModemStatus  usart_stm32f2xx.o
    0x08000e1c   0x00000010   Code   RO          264    i.USART1_GetRxCount  usart_stm32f2xx.o
    0x08000e2c   0x00000010   Code   RO          265    i.USART1_GetStatus  usart_stm32f2xx.o
    0x08000e3c   0x00000010   Code   RO          266    i.USART1_GetTxCount  usart_stm32f2xx.o
    0x08000e4c   0x00000010   Code   RO          267    i.USART1_IRQHandler  usart_stm32f2xx.o
    0x08000e5c   0x00000014   Code   RO          268    i.USART1_Initialize  usart_stm32f2xx.o
    0x08000e70   0x00000014   Code   RO          269    i.USART1_PowerControl  usart_stm32f2xx.o
    0x08000e84   0x00000018   Code   RO          270    i.USART1_Receive    usart_stm32f2xx.o
    0x08000e9c   0x00000018   Code   RO          271    i.USART1_Send       usart_stm32f2xx.o
    0x08000eb4   0x00000014   Code   RO          272    i.USART1_SetModemControl  usart_stm32f2xx.o
    0x08000ec8   0x0000001c   Code   RO          273    i.USART1_Transfer   usart_stm32f2xx.o
    0x08000ee4   0x00000010   Code   RO          274    i.USART1_Uninitialize  usart_stm32f2xx.o
    0x08000ef4   0x000008e8   Code   RO          275    i.USART_Control     usart_stm32f2xx.o
    0x080017dc   0x00000006   Code   RO          276    i.USART_GetCapabilities  usart_stm32f2xx.o
    0x080017e2   0x0000008c   Code   RO          277    i.USART_GetModemStatus  usart_stm32f2xx.o
    0x0800186e   0x00000008   Code   RO          278    i.USART_GetRxCount  usart_stm32f2xx.o
    0x08001876   0x000000d4   Code   RO          279    i.USART_GetStatus   usart_stm32f2xx.o
    0x0800194a   0x00000008   Code   RO          280    i.USART_GetTxCount  usart_stm32f2xx.o
    0x08001952   0x00000272   Code   RO          281    i.USART_IRQHandler  usart_stm32f2xx.o
    0x08001bc4   0x00000092   Code   RO          282    i.USART_Initialize  usart_stm32f2xx.o
    0x08001c56   0x00000002   PAD
    0x08001c58   0x00000134   Code   RO          283    i.USART_PeripheralReset  usart_stm32f2xx.o
    0x08001d8c   0x000002c8   Code   RO          284    i.USART_PowerControl  usart_stm32f2xx.o
    0x08002054   0x000000a2   Code   RO          285    i.USART_Receive     usart_stm32f2xx.o
    0x080020f6   0x00000088   Code   RO          286    i.USART_Send        usart_stm32f2xx.o
    0x0800217e   0x0000008c   Code   RO          287    i.USART_SetModemControl  usart_stm32f2xx.o
    0x0800220a   0x0000006a   Code   RO          288    i.USART_Transfer    usart_stm32f2xx.o
    0x08002274   0x0000006a   Code   RO          289    i.USART_Uninitialize  usart_stm32f2xx.o
    0x080022de   0x00000002   PAD
    0x080022e0   0x00000010   Code   RO          290    i.USARTx_GetVersion  usart_stm32f2xx.o
    0x080022f0   0x00000046   Code   RO         2903    i._init_box         RTX_CM3.lib(rt_membox.o)
    0x08002336   0x00000002   PAD
    0x08002338   0x00000020   Code   RO          201    i._mutex_acquire    rtx_conf_cm.o
    0x08002358   0x0000001c   Code   RO          203    i._mutex_release    rtx_conf_cm.o
    0x08002374   0x000003b0   Code   RO            3    i.app_main          main.o
    0x08002724   0x00000030   Code   RO         2956    i.dbg_init          RTX_CM3.lib(hal_cm.o)
    0x08002754   0x00000020   Code   RO         2957    i.dbg_task_notify   RTX_CM3.lib(hal_cm.o)
    0x08002774   0x00000010   Code   RO         2958    i.dbg_task_switch   RTX_CM3.lib(hal_cm.o)
    0x08002784   0x0000002a   Code   RO         1809    i.isrMessageGet     RTX_CM3.lib(rt_cmsis.o)
    0x080027ae   0x0000002c   Code   RO         1810    i.isrMessagePut     RTX_CM3.lib(rt_cmsis.o)
    0x080027da   0x00000002   PAD
    0x080027dc   0x00000056   Code   RO         2758    i.isr_mbx_receive   RTX_CM3.lib(rt_mailbox.o)
    0x08002832   0x0000000e   Code   RO         2759    i.isr_mbx_send      RTX_CM3.lib(rt_mailbox.o)
    0x08002840   0x00000034   Code   RO            4    i.main              main.o
    0x08002874   0x00000024   Code   RO         1814    i.osKernelInitialize  RTX_CM3.lib(rt_cmsis.o)
    0x08002898   0x0000006c   Code   RO         1816    i.osKernelStart     RTX_CM3.lib(rt_cmsis.o)
    0x08002904   0x0000001c   Code   RO         1818    i.osMailAlloc       RTX_CM3.lib(rt_cmsis.o)
    0x08002920   0x0000002c   Code   RO         1820    i.osMailCreate      RTX_CM3.lib(rt_cmsis.o)
    0x0800294c   0x0000001c   Code   RO         1821    i.osMailFree        RTX_CM3.lib(rt_cmsis.o)
    0x08002968   0x00000016   Code   RO         1822    i.osMailGet         RTX_CM3.lib(rt_cmsis.o)
    0x0800297e   0x00000014   Code   RO         1823    i.osMailPut         RTX_CM3.lib(rt_cmsis.o)
    0x08002992   0x00000002   PAD
    0x08002994   0x00000018   Code   RO         1825    i.osMessageGet      RTX_CM3.lib(rt_cmsis.o)
    0x080029ac   0x00000018   Code   RO         1826    i.osMessagePut      RTX_CM3.lib(rt_cmsis.o)
    0x080029c4   0x0000002c   Code   RO         1842    i.osThreadCreate    RTX_CM3.lib(rt_cmsis.o)
    0x080029f0   0x00000018   Code   RO         1843    i.osThreadExit      RTX_CM3.lib(rt_cmsis.o)
    0x08002a08   0x0000000c   Code   RO         1849    i.osTimerCall       RTX_CM3.lib(rt_cmsis.o)
    0x08002a14   0x0000002c   Code   RO         1854    i.osTimerThread     RTX_CM3.lib(rt_cmsis.o)
    0x08002a40   0x00000022   Code   RO          204    i.os_error          rtx_conf_cm.o
    0x08002a62   0x00000004   Code   RO          205    i.os_idle_demon     rtx_conf_cm.o
    0x08002a66   0x00000002   PAD
    0x08002a68   0x00000028   Code   RO         2550    i.os_tick_init      RTX_CM3.lib(rt_system.o)
    0x08002a90   0x00000002   Code   RO         2551    i.os_tick_irqack    RTX_CM3.lib(rt_system.o)
    0x08002a92   0x0000001a   Code   RO         2904    i.rt_alloc_box      RTX_CM3.lib(rt_membox.o)
    0x08002aac   0x0000003e   Code   RO         2932    i.rt_alloc_mem      RTX_CM3.lib(rt_memory.o)
    0x08002aea   0x00000002   PAD
    0x08002aec   0x00000038   Code   RO         2431    i.rt_block          RTX_CM3.lib(rt_task.o)
    0x08002b24   0x00000048   Code   RO         2881    i.rt_chk_robin      RTX_CM3.lib(rt_robin.o)
    0x08002b6c   0x00000070   Code   RO         2682    i.rt_dec_dly        RTX_CM3.lib(rt_list.o)
    0x08002bdc   0x00000044   Code   RO         2432    i.rt_dispatch       RTX_CM3.lib(rt_task.o)
    0x08002c20   0x00000050   Code   RO         2643    i.rt_evt_psh        RTX_CM3.lib(rt_event.o)
    0x08002c70   0x0000002c   Code   RO         2905    i.rt_free_box       RTX_CM3.lib(rt_membox.o)
    0x08002c9c   0x00000028   Code   RO         2933    i.rt_free_mem       RTX_CM3.lib(rt_memory.o)
    0x08002cc4   0x00000028   Code   RO         2683    i.rt_get_first      RTX_CM3.lib(rt_list.o)
    0x08002cec   0x00000008   Code   RO         1859    i.rt_id2obj         RTX_CM3.lib(rt_cmsis.o)
    0x08002cf4   0x00000048   Code   RO         2433    i.rt_init_context   RTX_CM3.lib(rt_task.o)
    0x08002d3c   0x0000001a   Code   RO         2934    i.rt_init_mem       RTX_CM3.lib(rt_memory.o)
    0x08002d56   0x00000002   PAD
    0x08002d58   0x00000018   Code   RO         2882    i.rt_init_robin     RTX_CM3.lib(rt_robin.o)
    0x08002d70   0x00000080   Code   RO         2959    i.rt_init_stack     RTX_CM3.lib(hal_cm.o)
    0x08002df0   0x00000008   Code   RO         2760    i.rt_mbx_check      RTX_CM3.lib(rt_mailbox.o)
    0x08002df8   0x0000001a   Code   RO         2761    i.rt_mbx_init       RTX_CM3.lib(rt_mailbox.o)
    0x08002e12   0x00000002   PAD
    0x08002e14   0x000000f0   Code   RO         2762    i.rt_mbx_psh        RTX_CM3.lib(rt_mailbox.o)
    0x08002f04   0x00000098   Code   RO         2763    i.rt_mbx_send       RTX_CM3.lib(rt_mailbox.o)
    0x08002f9c   0x000000b4   Code   RO         2764    i.rt_mbx_wait       RTX_CM3.lib(rt_mailbox.o)
    0x08003050   0x00000044   Code   RO         1860    i.rt_ms2tick        RTX_CM3.lib(rt_cmsis.o)
    0x08003094   0x000000d8   Code   RO         2517    i.rt_mut_release    RTX_CM3.lib(rt_mutex.o)
    0x0800316c   0x00000078   Code   RO         2518    i.rt_mut_wait       RTX_CM3.lib(rt_mutex.o)
    0x080031e4   0x0000007c   Code   RO         2554    i.rt_pop_req        RTX_CM3.lib(rt_system.o)
    0x08003260   0x00000020   Code   RO         2555    i.rt_psh_req        RTX_CM3.lib(rt_system.o)
    0x08003280   0x0000005c   Code   RO         2685    i.rt_psq_enq        RTX_CM3.lib(rt_list.o)
    0x080032dc   0x00000048   Code   RO         2686    i.rt_put_dly        RTX_CM3.lib(rt_list.o)
    0x08003324   0x00000036   Code   RO         2687    i.rt_put_prio       RTX_CM3.lib(rt_list.o)
    0x0800335a   0x00000002   PAD
    0x0800335c   0x00000014   Code   RO         2688    i.rt_put_rdy_first  RTX_CM3.lib(rt_list.o)
    0x08003370   0x00000034   Code   RO         2689    i.rt_resort_prio    RTX_CM3.lib(rt_list.o)
    0x080033a4   0x00000006   Code   RO         2960    i.rt_ret_val        RTX_CM3.lib(hal_cm.o)
    0x080033aa   0x00000008   Code   RO         2961    i.rt_ret_val2       RTX_CM3.lib(hal_cm.o)
    0x080033b2   0x00000028   Code   RO         2690    i.rt_rmv_dly        RTX_CM3.lib(rt_list.o)
    0x080033da   0x00000002   PAD
    0x080033dc   0x00000030   Code   RO         2691    i.rt_rmv_list       RTX_CM3.lib(rt_list.o)
    0x0800340c   0x00000034   Code   RO         2809    i.rt_sem_psh        RTX_CM3.lib(rt_semaphore.o)
    0x08003440   0x00000024   Code   RO         2557    i.rt_stk_check      RTX_CM3.lib(rt_system.o)
    0x08003464   0x00000028   Code   RO         2434    i.rt_switch_req     RTX_CM3.lib(rt_task.o)
    0x0800348c   0x000000cc   Code   RO         2435    i.rt_sys_init       RTX_CM3.lib(rt_task.o)
    0x08003558   0x00000078   Code   RO         2436    i.rt_sys_start      RTX_CM3.lib(rt_task.o)
    0x080035d0   0x00000040   Code   RO         2559    i.rt_systick        RTX_CM3.lib(rt_system.o)
    0x08003610   0x00000012   Code   RO         1861    i.rt_tid2ptcb       RTX_CM3.lib(rt_cmsis.o)
    0x08003622   0x00000002   PAD
    0x08003624   0x00000034   Code   RO         1862    i.rt_timer_insert   RTX_CM3.lib(rt_cmsis.o)
    0x08003658   0x00000088   Code   RO         2437    i.rt_tsk_create     RTX_CM3.lib(rt_task.o)
    0x080036e0   0x0000017c   Code   RO         2438    i.rt_tsk_delete     RTX_CM3.lib(rt_task.o)
    0x0800385c   0x0000007c   Code   RO         2440    i.rt_tsk_prio       RTX_CM3.lib(rt_task.o)
    0x080038d8   0x00000010   Code   RO         2441    i.rt_tsk_self       RTX_CM3.lib(rt_task.o)
    0x080038e8   0x00000070   Code   RO         1865    i.svcKernelInitialize  RTX_CM3.lib(rt_cmsis.o)
    0x08003958   0x00000048   Code   RO         1867    i.svcKernelStart    RTX_CM3.lib(rt_cmsis.o)
    0x080039a0   0x00000042   Code   RO         1869    i.svcMailCreate     RTX_CM3.lib(rt_cmsis.o)
    0x080039e2   0x00000024   Code   RO         1870    i.svcMessageCreate  RTX_CM3.lib(rt_cmsis.o)
    0x08003a06   0x0000003a   Code   RO         1871    i.svcMessageGet     RTX_CM3.lib(rt_cmsis.o)
    0x08003a40   0x00000036   Code   RO         1872    i.svcMessagePut     RTX_CM3.lib(rt_cmsis.o)
    0x08003a76   0x00000002   PAD
    0x08003a78   0x0000006c   Code   RO         1885    i.svcThreadCreate   RTX_CM3.lib(rt_cmsis.o)
    0x08003ae4   0x0000001c   Code   RO         1886    i.svcThreadGetId    RTX_CM3.lib(rt_cmsis.o)
    0x08003b00   0x00000038   Code   RO         1889    i.svcThreadTerminate  RTX_CM3.lib(rt_cmsis.o)
    0x08003b38   0x00000018   Code   RO         1891    i.svcTimerCall      RTX_CM3.lib(rt_cmsis.o)
    0x08003b50   0x00000058   Code   RO         1896    i.sysMailAlloc      RTX_CM3.lib(rt_cmsis.o)
    0x08003ba8   0x00000060   Code   RO         1897    i.sysMailFree       RTX_CM3.lib(rt_cmsis.o)
    0x08003c08   0x0000005c   Code   RO         1900    i.sysTimerTick      RTX_CM3.lib(rt_cmsis.o)
    0x08003c64   0x00000020   Data   RO            6    .constdata          main.o
    0x08003c84   0x00000040   Data   RO           73    .constdata          led_mcbstm32f200.o
    0x08003cc4   0x00000068   Data   RO          207    .constdata          rtx_conf_cm.o
    0x08003d2c   0x00000088   Data   RO          292    .constdata          usart_stm32f2xx.o
    0x08003db4   0x00000018   Data   RO         1774    .constdata          system_stm32f2xx.o
    0x08003dcc   0x00000020   Data   RO         3195    Region$$Table       anon$$obj.o


    Execution Region RW_IRAM1 (Base: 0x20000000, Size: 0x000013b0, Max: 0x00020000, ABSOLUTE)

    Base Addr    Size         Type   Attr      Idx    E Section Name        Object

    0x20000000   0x00000024   Data   RW            7    .data               main.o
    0x20000024   0x00000014   Data   RW          208    .data               rtx_conf_cm.o
    0x20000038   0x00000009   Data   RW          476    .data               stm32f2xx_hal.o
    0x20000041   0x00000003   PAD
    0x20000044   0x00000004   Data   RW         1775    .data               system_stm32f2xx.o
    0x20000048   0x00000008   Data   RW         1903    .data               RTX_CM3.lib(rt_cmsis.o)
    0x20000050   0x00000008   Data   RW         2443    .data               RTX_CM3.lib(rt_task.o)
    0x20000058   0x00000008   Data   RW         2562    .data               RTX_CM3.lib(rt_system.o)
    0x20000060   0x00000004   Data   RW         2852    .data               RTX_CM3.lib(rt_time.o)
    0x20000064   0x00000008   Data   RW         2883    .data               RTX_CM3.lib(rt_robin.o)
    0x2000006c   0x00000001   Data   RW         2962    .data               RTX_CM3.lib(hal_cm.o)
    0x2000006d   0x00000003   PAD
    0x20000070   0x00000078   Zero   RW            5    .bss                main.o
    0x200000e8   0x00000bc8   Zero   RW          206    .bss                rtx_conf_cm.o
    0x20000cb0   0x00000038   Zero   RW          291    .bss                usart_stm32f2xx.o
    0x20000ce8   0x00000034   Zero   RW         2442    .bss                RTX_CM3.lib(rt_task.o)
    0x20000d1c   0x00000030   Zero   RW         2692    .bss                RTX_CM3.lib(rt_list.o)
    0x20000d4c   0x00000060   Zero   RW         3020    .bss                c_w.l(libspace.o)
    0x20000dac   0x00000004   PAD
    0x20000db0   0x00000200   Zero   RW         1763    HEAP                startup_stm32f207xx.o
    0x20000fb0   0x00000400   Zero   RW         1762    STACK               startup_stm32f207xx.o


==============================================================================

Image component sizes


      Code (inc. data)   RO Data    RW Data    ZI Data      Debug   Object Name

       284         26         64          0          0     555816   led_mcbstm32f200.o
      1192        384         32         36        120      19916   main.o
       126         26        104         20       3016       9363   rtx_conf_cm.o
        64         26        388          0       1536        864   startup_stm32f207xx.o
        12          6          0          9          0       7025   stm32f2xx_hal.o
        68          6          0          0          0      27685   stm32f2xx_hal_cortex.o
       172          0          0          0          0       1380   stm32f2xx_hal_dma.o
       884         96          0          0          0       3661   stm32f2xx_hal_gpio.o
        56         14          0          0          0       1125   stm32f2xx_hal_rcc.o
         2          0         24          4          0       1383   system_stm32f2xx.o
      5772        220        136          0         56      53958   usart_stm32f2xx.o

    ----------------------------------------------------------------------
      8640        804        780         72       4728     682176   Object Totals
         0          0         32          0          0          0   (incl. Generated)
         8          0          0          3          0          0   (incl. Padding)

    ----------------------------------------------------------------------

      Code (inc. data)   RO Data    RW Data    ZI Data      Debug   Library Member Name

       238         24          0          1          0       3268   hal_cm.o
       304         36          0          0          0        760   hal_cm3.o
      1580        168          0          8          0      38916   rt_cmsis.o
        80          4          0          0          0        653   rt_event.o
       530         34          0          0         48       8169   rt_list.o
       706         14          0          0          0       4731   rt_mailbox.o
       140          0          0          0          0       1901   rt_membox.o
       128          0          0          0          0       2275   rt_memory.o
       336         14          0          0          0       1631   rt_mutex.o
        96         22          0          8          0       1134   rt_robin.o
        52          4          0          0          0        565   rt_semaphore.o
       298         52          0          8          0       6151   rt_system.o
      1216        174          0          8         52       9565   rt_task.o
         0          0          0          4          0        210   rt_time.o
         4          4          0          0          0        200   svc_table.o
         8          0          0          0          0         68   __main.o
         0          0          0          0          0          0   __rtentry.o
        20          0          0          0          0          0   __rtentry2.o
         6          0          0          0          0          0   __rtentry4.o
        52          8          0          0          0          0   __scatter.o
        26          0          0          0          0          0   __scatter_copy.o
        28          0          0          0          0          0   __scatter_zi.o
        18          0          0          0          0         80   exit.o
         6          0          0          0          0        152   heapauxi.o
         0          0          0          0          0          0   indicate_semi.o
         2          0          0          0          0          0   libinit.o
         2          0          0          0          0          0   libinit2.o
         2          0          0          0          0          0   libshutdown.o
         2          0          0          0          0          0   libshutdown2.o
         8          4          0          0         96         68   libspace.o
        78          0          0          0          0         80   rt_memclr_w.o
         2          0          0          0          0          0   rtexit.o
        10          0          0          0          0          0   rtexit2.o
       128          0          0          0          0         68   strcmpv7m.o
        62          0          0          0          0         76   strlen.o
       150          0          0          0          0         80   strncmp.o
        12          4          0          0          0         68   sys_exit.o
        74          0          0          0          0         80   sys_stackheap_outer.o
         2          0          0          0          0         68   use_no_semi.o

    ----------------------------------------------------------------------
      6432        566          0         40        200      81017   Library Totals
        26          0          0          3          4          0   (incl. Padding)

    ----------------------------------------------------------------------

      Code (inc. data)   RO Data    RW Data    ZI Data      Debug   Library Name

      5708        550          0         37        100      80129   RTX_CM3.lib
       698         16          0          0         96        888   c_w.l

    ----------------------------------------------------------------------
      6432        566          0         40        200      81017   Library Totals

    ----------------------------------------------------------------------

==============================================================================


      Code (inc. data)   RO Data    RW Data    ZI Data      Debug   

     15072       1370        780        112       4928     756169   Grand Totals
     15072       1370        780        112       4928     756169   ELF Image Totals
     15072       1370        780        112          0          0   ROM Totals

==============================================================================

    Total RO  Size (Code + RO Data)                15852 (  15.48kB)
    Total RW  Size (RW Data + ZI Data)              5040 (   4.92kB)
    Total ROM Size (Code + RO Data + RW Data)      15964 (  15.59kB)

==============================================================================

